Microchip MPLAB XC8 Compiler V3.00

Linker command line:

-W-3 --edf=C:\Users\Anurag\.mcc\pic\dat\20241204225717_en.msgs -cn \
  -h+dist/default/production\pir_unitTC_CODE.X.production.sym \
  --cmf=dist/default/production\pir_unitTC_CODE.X.production.cmf -z \
  -Q12F1572 -oC:\Users\Anurag\AppData\Local\Temp\xcAsga8.\driver_tmp_3.o \
  --defsym=__MPLAB_BUILD=1 --fixupoverflow=error \
  -Mdist/default/production/pir_unitTC_CODE.X.production.map \
  --md=C:\Users\Anurag\AppData\Local\Temp\xcAsga8.\driver_tmp_0.dat -E1 \
  -ver=XC8 Compiler -ACODE=00h-07FFh -ASTRCODE=00h-07FFh \
  -ASTRING=00h-0FFhx8 -ACONST=00h-0FFhx8 -AENTRY=00h-0FFhx8 \
  -ACOMMON=070h-07Fh -ABANK0=020h-06Fh -ABANK1=0A0h-0EFh \
  -ABANK2=0120h-016Fh -ABIGRAM=02000h-020EFh \
  -ARAM=020h-06Fh,0A0h-0EFh,0120h-016Fh \
  -AABS1=020h-07Fh,0A0h-0EFh,0120h-016Fh -ASFR0=00h-01Fh -ASFR1=080h-09Fh \
  -ASFR2=0100h-011Fh -ASFR3=0180h-01EFh -ASFR4=0200h-026Fh \
  -ASFR5=0280h-02EFh -ASFR6=0300h-036Fh -ASFR7=0380h-03EFh \
  -ASFR8=0400h-046Fh -ASFR9=0480h-04EFh -ASFR10=0500h-056Fh \
  -ASFR11=0580h-05EFh -ASFR12=0600h-066Fh -ASFR13=0680h-06EFh \
  -ASFR14=0700h-076Fh -ASFR15=0780h-07EFh -ASFR16=0800h-086Fh \
  -ASFR17=0880h-08EFh -ASFR18=0900h-096Fh -ASFR19=0980h-09EFh \
  -ASFR20=0A00h-0A6Fh -ASFR21=0A80h-0AEFh -ASFR22=0B00h-0B6Fh \
  -ASFR23=0B80h-0BEFh -ASFR24=0C00h-0C6Fh -ASFR25=0C80h-0CEFh \
  -ASFR26=0D00h-0D6Fh -ASFR27=0D80h-0DEFh -ASFR28=0E00h-0E6Fh \
  -ASFR29=0E80h-0EEFh -ASFR30=0F00h-0F6Fh -ASFR31=0F80h-0FEFh \
  -ACONFIG=08007h-08008h -DCONFIG=2 -AIDLOC=08000h-08003h -DIDLOC=2 \
  -DCODE=2 -DSTRCODE=2 -DSTRING=2 -DCONST=2 -DENTRY=2 \
  -preset_vec=00h,intentry,sivt,init,end_init -ppowerup=CODE -pcinit=CODE \
  -pfunctab=ENTRY -k \
  C:\Users\Anurag\AppData\Local\Temp\xcAsga8.\driver_tmp_12.o \
  dist/default/production\pir_unitTC_CODE.X.production.o 

Object code version is 3.11

Machine type is 12F1572



                Name                               Link     Load   Length Selector   Space Scale
C:\Users\Anurag\AppData\Local\Temp\xcAsga8.\driver_tmp_12.o
                end_init                              1        1        1        0       0
                reset_vec                             0        0        1        0       0
                config                             8007     8007        2        0       4
                idloc                              8000     8000        4        0       5
dist/default/production\pir_unitTC_CODE.X.production.o
                cinit                               7F9      7F9        7      FF2       0
                config                             8007     8007        2        0       4
                idloc                              8000     8000        4        0       5
                text25                              1DC      1DC        6      3B8       0
                text24                              1E2      1E2        6      3C4       0
                text23                              1E8      1E8        6      3D0       0
                text22                              349      349       21      692       0
                text21                              216      216        F      42C       0
                text20                              1EE      1EE        7      3DC       0
                text19                              24B      24B       18      496       0
                text18                              1D0      1D0        4      3A0       0
                text17                              225      225       13      44A       0
                text16                              1F5      1F5        9      3EA       0
                text15                              1D4      1D4        4      3A8       0
                text14                              1FE      1FE        A      3FC       0
                text13                              1D8      1D8        4      3B0       0
                text12                              30B      30B       1F      616       0
                text11                              293      293       1E      526       0
                text10                              414      414       32      828       0
                text9                               446      446       32      88C       0
                text8                               2B1      2B1       1E      562       0
                text7                               2CF      2CF       1E      59E       0
                text6                               36A      36A       21      6D4       0
                text5                               2ED      2ED       1E      5DA       0
                text4                               689      689       57      D12       0
                text3                               6E0      6E0       59      DC0       0
                text2                               263      263       18      4C6       0
                text1                               27B      27B       18      4F6       0
                maintext                            739      739       C0      E72       0
                cstackBANK0                          26       26        5       20       1
                cstackCOMMON                         70       70        C       70       1
                bssBANK0                             2B       2B        3       20       1
                bssCOMMON                            7C       7C        1       70       1
                stringtext14                        208      208        E      410       0
                stringtext13                        238      238       13      470       0
                stringtext12                        32A      32A       1F      654       0
                stringtext11                        38B      38B       2C      716       0
                stringtext10                        3B7      3B7       2C      76E       0
                stringtext9                         3E3      3E3       31      7C6       0
                stringtext8                         478      478       3A      8F0       0
                stringtext7                         4B2      4B2       3C      964       0
                stringtext6                         4EE      4EE       3C      9DC       0
                stringtext5                         52A      52A       40      A54       0
                stringtext4                         56A      56A       46      AD4       0
                stringtext3                         5B0      5B0       47      B60       0
                stringtext2                         5F7      5F7       48      BEE       0
                stringtext1                         63F      63F       4A      C7E       0
                nvBANK0                              20       20        6       20       1

TOTAL           Name                               Link     Load   Length     Space
        CLASS   CODE           
                end_init                              1        1        1         0
                cinit                               7F9      7F9        7         0
                reset_vec                             0        0        1         0
                text25                              1DC      1DC        6         0
                text24                              1E2      1E2        6         0
                text23                              1E8      1E8        6         0
                text22                              349      349       21         0
                text21                              216      216        F         0
                text20                              1EE      1EE        7         0
                text19                              24B      24B       18         0
                text18                              1D0      1D0        4         0
                text17                              225      225       13         0
                text16                              1F5      1F5        9         0
                text15                              1D4      1D4        4         0
                text14                              1FE      1FE        A         0
                text13                              1D8      1D8        4         0
                text12                              30B      30B       1F         0
                text11                              293      293       1E         0
                text10                              414      414       32         0
                text9                               446      446       32         0
                text8                               2B1      2B1       1E         0
                text7                               2CF      2CF       1E         0
                text6                               36A      36A       21         0
                text5                               2ED      2ED       1E         0
                text4                               689      689       57         0
                text3                               6E0      6E0       59         0
                text2                               263      263       18         0
                text1                               27B      27B       18         0
                maintext                            739      739       C0         0

        CLASS   STRCODE        
                stringtext14                        208      208        E         0
                stringtext13                        238      238       13         0
                stringtext12                        32A      32A       1F         0
                stringtext11                        38B      38B       2C         0
                stringtext10                        3B7      3B7       2C         0
                stringtext9                         3E3      3E3       31         0
                stringtext8                         478      478       3A         0
                stringtext7                         4B2      4B2       3C         0
                stringtext6                         4EE      4EE       3C         0
                stringtext5                         52A      52A       40         0
                stringtext4                         56A      56A       46         0
                stringtext3                         5B0      5B0       47         0
                stringtext2                         5F7      5F7       48         0
                stringtext1                         63F      63F       4A         0

        CLASS   STRING         

        CLASS   CONST          

        CLASS   ENTRY          

        CLASS   COMMON         
                cstackCOMMON                         70       70        C         1
                bssCOMMON                            7C       7C        1         1

        CLASS   BANK0          
                cstackBANK0                          26       26        5         1
                bssBANK0                             2B       2B        3         1
                nvBANK0                              20       20        6         1

        CLASS   BANK1          

        CLASS   BANK2          

        CLASS   BIGRAM         

        CLASS   RAM            

        CLASS   ABS1           
                abs_s1                               7E       7E        2         1

        CLASS   SFR0           

        CLASS   SFR1           

        CLASS   SFR2           

        CLASS   SFR3           

        CLASS   SFR4           

        CLASS   SFR5           

        CLASS   SFR6           

        CLASS   SFR7           

        CLASS   SFR8           

        CLASS   SFR9           

        CLASS   SFR10          

        CLASS   SFR11          

        CLASS   SFR12          

        CLASS   SFR13          

        CLASS   SFR14          

        CLASS   SFR15          

        CLASS   SFR16          

        CLASS   SFR17          

        CLASS   SFR18          

        CLASS   SFR19          

        CLASS   SFR20          

        CLASS   SFR21          

        CLASS   SFR22          

        CLASS   SFR23          

        CLASS   SFR24          

        CLASS   SFR25          

        CLASS   SFR26          

        CLASS   SFR27          

        CLASS   SFR28          

        CLASS   SFR29          

        CLASS   SFR30          

        CLASS   SFR31          

        CLASS   CONFIG         
                config                             8007     8007        2         4

        CLASS   IDLOC          
                idloc                              8000     8000        4         5

        CLASS   BANK31         

        CLASS   BANK30         

        CLASS   BANK29         

        CLASS   BANK28         

        CLASS   BANK27         

        CLASS   BANK26         

        CLASS   BANK25         

        CLASS   BANK24         

        CLASS   BANK23         

        CLASS   BANK22         

        CLASS   BANK21         

        CLASS   BANK20         

        CLASS   BANK19         

        CLASS   BANK18         

        CLASS   BANK17         

        CLASS   BANK16         

        CLASS   BANK15         

        CLASS   BANK14         

        CLASS   BANK13         

        CLASS   BANK12         

        CLASS   BANK11         

        CLASS   BANK10         

        CLASS   BANK9          

        CLASS   BANK8          

        CLASS   BANK7          

        CLASS   BANK6          

        CLASS   BANK5          

        CLASS   BANK4          

        CLASS   BANK3          

        CLASS   HEAP           

        CLASS   STACK          

        CLASS   EEDATA         



SEGMENTS        Name                           Load    Length   Top    Selector   Space  Class     Delta

                reset_vec                      000000  000002  000002         0       0  CODE        2
                nvBANK0                        000020  00000E  00002E        20       1  BANK0       1
                cstackCOMMON                   000070  00000D  00007D        70       1  COMMON      1
                text18                         0001D0  000004  0001D4       3A0       0  CODE        2
                text15                         0001D4  000004  0001D8       3A8       0  CODE        2
                text13                         0001D8  000004  0001DC       3B0       0  CODE        2
                text25                         0001DC  000006  0001E2       3B8       0  CODE        2
                text24                         0001E2  000006  0001E8       3C4       0  CODE        2
                text23                         0001E8  000006  0001EE       3D0       0  CODE        2
                text20                         0001EE  000007  0001F5       3DC       0  CODE        2
                text16                         0001F5  000009  0001FE       3EA       0  CODE        2
                text14                         0001FE  00000A  000208       3FC       0  CODE        2
                stringtext14                   000208  00000E  000216       410       0  STRCODE     2
                text21                         000216  00000F  000225       42C       0  CODE        2
                text17                         000225  000013  000238       44A       0  CODE        2
                stringtext13                   000238  000013  00024B       470       0  STRCODE     2
                text19                         00024B  000018  000263       496       0  CODE        2
                text2                          000263  000018  00027B       4C6       0  CODE        2
                text1                          00027B  000018  000293       4F6       0  CODE        2
                text11                         000293  00001E  0002B1       526       0  CODE        2
                text8                          0002B1  00001E  0002CF       562       0  CODE        2
                text7                          0002CF  00001E  0002ED       59E       0  CODE        2
                text5                          0002ED  00001E  00030B       5DA       0  CODE        2
                text12                         00030B  00001F  00032A       616       0  CODE        2
                stringtext12                   00032A  00001F  000349       654       0  STRCODE     2
                text22                         000349  000021  00036A       692       0  CODE        2
                text6                          00036A  000021  00038B       6D4       0  CODE        2
                stringtext11                   00038B  00002C  0003B7       716       0  STRCODE     2
                stringtext10                   0003B7  00002C  0003E3       76E       0  STRCODE     2
                stringtext9                    0003E3  000031  000414       7C6       0  STRCODE     2
                text10                         000414  000032  000446       828       0  CODE        2
                text9                          000446  000032  000478       88C       0  CODE        2
                stringtext8                    000478  00003A  0004B2       8F0       0  STRCODE     2
                stringtext7                    0004B2  00003C  0004EE       964       0  STRCODE     2
                stringtext6                    0004EE  00003C  00052A       9DC       0  STRCODE     2
                stringtext5                    00052A  000040  00056A       A54       0  STRCODE     2
                stringtext4                    00056A  000046  0005B0       AD4       0  STRCODE     2
                stringtext3                    0005B0  000047  0005F7       B60       0  STRCODE     2
                stringtext2                    0005F7  000048  00063F       BEE       0  STRCODE     2
                stringtext1                    00063F  00004A  000689       C7E       0  STRCODE     2
                text4                          000689  000057  0006E0       D12       0  CODE        2
                text3                          0006E0  000059  000739       DC0       0  CODE        2
                maintext                       000739  0000C0  0007F9       E72       0  CODE        2
                cinit                          0007F9  000007  000800       FF2       0  CODE        2


UNUSED ADDRESS RANGES

        Name                Unused          Largest block    Delta
        BANK0            0002E-0006F              42           1
        BANK1            000A0-000EF              50           1
        BANK2            00120-0016F              50           1
        BIGRAM           02000-020EF              F0           1
        CODE             00002-001CF             1CE           2
        COMMON           0007D-0007D               1           1
        CONST            00002-001CF              FE           2
        ENTRY            00002-001CF              FE           2
        RAM              0002E-0006F              42           1
                         000A0-000EF              50
                         00120-0016F              50
        SFR0             00000-0001F              20           1
        SFR1             00080-0009F              20           1
        SFR10            00500-0056F              70           1
        SFR11            00580-005EF              70           1
        SFR12            00600-0066F              70           1
        SFR13            00680-006EF              70           1
        SFR14            00700-0076F              70           1
        SFR15            00780-007EF              70           1
        SFR16            00800-0086F              70           1
        SFR17            00880-008EF              70           1
        SFR18            00900-0096F              70           1
        SFR19            00980-009EF              70           1
        SFR2             00100-0011F              20           1
        SFR20            00A00-00A6F              70           1
        SFR21            00A80-00AEF              70           1
        SFR22            00B00-00B6F              70           1
        SFR23            00B80-00BEF              70           1
        SFR24            00C00-00C6F              70           1
        SFR25            00C80-00CEF              70           1
        SFR26            00D00-00D6F              70           1
        SFR27            00D80-00DEF              70           1
        SFR28            00E00-00E6F              70           1
        SFR29            00E80-00EEF              70           1
        SFR3             00180-001EF              70           1
        SFR30            00F00-00F6F              70           1
        SFR31            00F80-00FEF              70           1
        SFR4             00200-0026F              70           1
        SFR5             00280-002EF              70           1
        SFR6             00300-0036F              70           1
        SFR7             00380-003EF              70           1
        SFR8             00400-0046F              70           1
        SFR9             00480-004EF              70           1
        STRCODE          00002-001CF             1CE           2
        STRING           00002-001CF              FE           2

                                  Symbol Table

EUSART_SetErrorHandler@interruptHandler           cstackCOMMON 00070
EUSART_SetFramingErrorHandler@interruptHandler    cstackCOMMON 00070
EUSART_SetOverrunErrorHandler@interruptHandler    cstackCOMMON 00070
EUSART_Write@txData                               cstackCOMMON 00070
UART_SendString@str                               cstackCOMMON 00071
_ANSELA                                           (abs)        0018C
_APFCON                                           (abs)        0011D
_BAUDCON                                          (abs)        0019F
_BORCON                                           (abs)        00116
_CheckPIRSensor                                   text16       001F5
_EUSART_DefaultErrorHandler                       (abs)        00000
_EUSART_DefaultFramingErrorHandler                (abs)        00000
_EUSART_DefaultOverrunErrorHandler                (abs)        00000
_EUSART_ErrorHandler                              nvBANK0      00020
_EUSART_FramingErrorHandler                       nvBANK0      00024
_EUSART_Initialize                                text22       00349
_EUSART_OverrunErrorHandler                       nvBANK0      00022
_EUSART_Read                                      text21       00216
_EUSART_SetErrorHandler                           text25       001DC
_EUSART_SetFramingErrorHandler                    text24       001E2
_EUSART_SetOverrunErrorHandler                    text23       001E8
_EUSART_Write                                     text14       001FE
_EUSART_is_tx_done                                text13       001D8
_INLVLA                                           (abs)        0038C
_LATAbits                                         (abs)        0010C
_ODCONA                                           (abs)        0028C
_OPTION_REGbits                                   (abs)        00095
_OSCCON                                           (abs)        00099
_OSCILLATOR_Initialize                            text20       001EE
_OSCTUNE                                          (abs)        00098
_PIR1bits                                         (abs)        00011
_PIRPORTInit                                      text15       001D4
_PORTAbits                                        (abs)        0000C
_PORT_Initialize                                  text19       0024B
_RA2                                              (abs)        00062
_RCREG                                            (abs)        00199
_RCSTA                                            (abs)        0019D
_RCSTAbits                                        (abs)        0019D
_SLRCONA                                          (abs)        0030C
_SPBRGH                                           (abs)        0019C
_SPBRGL                                           (abs)        0019B
_TRISAbits                                        (abs)        0008C
_TXREG                                            (abs)        0019A
_TXSTA                                            (abs)        0019E
_TXSTAbits                                        (abs)        0019E
_UART_SendString                                  text12       0030B
_WDTCON                                           (abs)        00097
_WDT_Initialize                                   text18       001D0
_WPUA                                             (abs)        0020C
__H__absolute__                                   __absolute__ 00000
__Habs1                                           abs1         00000
__Hbank0                                          bank0        00000
__Hbank1                                          bank1        00000
__Hbank10                                         bank10       00000
__Hbank11                                         bank11       00000
__Hbank12                                         bank12       00000
__Hbank13                                         bank13       00000
__Hbank14                                         bank14       00000
__Hbank15                                         bank15       00000
__Hbank16                                         bank16       00000
__Hbank17                                         bank17       00000
__Hbank18                                         bank18       00000
__Hbank19                                         bank19       00000
__Hbank2                                          bank2        00000
__Hbank20                                         bank20       00000
__Hbank21                                         bank21       00000
__Hbank22                                         bank22       00000
__Hbank23                                         bank23       00000
__Hbank24                                         bank24       00000
__Hbank25                                         bank25       00000
__Hbank26                                         bank26       00000
__Hbank27                                         bank27       00000
__Hbank28                                         bank28       00000
__Hbank29                                         bank29       00000
__Hbank3                                          bank3        00000
__Hbank30                                         bank30       00000
__Hbank31                                         bank31       00000
__Hbank4                                          bank4        00000
__Hbank5                                          bank5        00000
__Hbank6                                          bank6        00000
__Hbank7                                          bank7        00000
__Hbank8                                          bank8        00000
__Hbank9                                          bank9        00000
__Hbigram                                         bigram       00000
__HbssBANK0                                       bssBANK0     00000
__HbssCOMMON                                      bssCOMMON    00000
__Hcinit                                          cinit        00800
__Hclrtext                                        clrtext      00000
__Hcode                                           code         00000
__Hcommon                                         common       00000
__Hconfig                                         config       08009
__HcstackBANK0                                    cstackBANK0  00000
__HcstackCOMMON                                   cstackCOMMON 00000
__Heeprom_data                                    eeprom_data  00000
__Hend_init                                       end_init     00002
__Hfunctab                                        functab      00000
__Hheap                                           heap         00000
__Hidloc                                          idloc        08004
__Hinit                                           init         00001
__Hintentry                                       intentry     00001
__Hmaintext                                       maintext     00000
__HnvBANK0                                        nvBANK0      00000
__Hpowerup                                        powerup      00000
__Hram                                            ram          00000
__Hreset_vec                                      reset_vec    00001
__Hsfr0                                           sfr0         00000
__Hsfr1                                           sfr1         00000
__Hsfr10                                          sfr10        00000
__Hsfr11                                          sfr11        00000
__Hsfr12                                          sfr12        00000
__Hsfr13                                          sfr13        00000
__Hsfr14                                          sfr14        00000
__Hsfr15                                          sfr15        00000
__Hsfr16                                          sfr16        00000
__Hsfr17                                          sfr17        00000
__Hsfr18                                          sfr18        00000
__Hsfr19                                          sfr19        00000
__Hsfr2                                           sfr2         00000
__Hsfr20                                          sfr20        00000
__Hsfr21                                          sfr21        00000
__Hsfr22                                          sfr22        00000
__Hsfr23                                          sfr23        00000
__Hsfr24                                          sfr24        00000
__Hsfr25                                          sfr25        00000
__Hsfr26                                          sfr26        00000
__Hsfr27                                          sfr27        00000
__Hsfr28                                          sfr28        00000
__Hsfr29                                          sfr29        00000
__Hsfr3                                           sfr3         00000
__Hsfr30                                          sfr30        00000
__Hsfr31                                          sfr31        00000
__Hsfr4                                           sfr4         00000
__Hsfr5                                           sfr5         00000
__Hsfr6                                           sfr6         00000
__Hsfr7                                           sfr7         00000
__Hsfr8                                           sfr8         00000
__Hsfr9                                           sfr9         00000
__Hsivt                                           sivt         00001
__Hspace_0                                        (abs)        00800
__Hspace_1                                        (abs)        0007D
__Hspace_2                                        (abs)        00000
__Hspace_3                                        (abs)        00000
__Hspace_4                                        (abs)        10010
__Hstack                                          stack        00000
__Hstrings                                        strings      00000
__Hstringtext1                                    stringtext1  00000
__Hstringtext10                                   stringtext10 00000
__Hstringtext11                                   stringtext11 00000
__Hstringtext12                                   stringtext12 00000
__Hstringtext13                                   stringtext13 00000
__Hstringtext14                                   stringtext14 00000
__Hstringtext15                                   stringtext15 00000
__Hstringtext2                                    stringtext2  00000
__Hstringtext3                                    stringtext3  00000
__Hstringtext4                                    stringtext4  00000
__Hstringtext5                                    stringtext5  00000
__Hstringtext6                                    stringtext6  00000
__Hstringtext7                                    stringtext7  00000
__Hstringtext8                                    stringtext8  00000
__Hstringtext9                                    stringtext9  00000
__Htext                                           text         00000
__L__absolute__                                   __absolute__ 00000
__Labs1                                           abs1         00000
__Lbank0                                          bank0        00000
__Lbank1                                          bank1        00000
__Lbank10                                         bank10       00000
__Lbank11                                         bank11       00000
__Lbank12                                         bank12       00000
__Lbank13                                         bank13       00000
__Lbank14                                         bank14       00000
__Lbank15                                         bank15       00000
__Lbank16                                         bank16       00000
__Lbank17                                         bank17       00000
__Lbank18                                         bank18       00000
__Lbank19                                         bank19       00000
__Lbank2                                          bank2        00000
__Lbank20                                         bank20       00000
__Lbank21                                         bank21       00000
__Lbank22                                         bank22       00000
__Lbank23                                         bank23       00000
__Lbank24                                         bank24       00000
__Lbank25                                         bank25       00000
__Lbank26                                         bank26       00000
__Lbank27                                         bank27       00000
__Lbank28                                         bank28       00000
__Lbank29                                         bank29       00000
__Lbank3                                          bank3        00000
__Lbank30                                         bank30       00000
__Lbank31                                         bank31       00000
__Lbank4                                          bank4        00000
__Lbank5                                          bank5        00000
__Lbank6                                          bank6        00000
__Lbank7                                          bank7        00000
__Lbank8                                          bank8        00000
__Lbank9                                          bank9        00000
__Lbigram                                         bigram       00000
__LbssBANK0                                       bssBANK0     00000
__LbssCOMMON                                      bssCOMMON    00000
__Lcinit                                          cinit        007F9
__Lclrtext                                        clrtext      00000
__Lcode                                           code         00000
__Lcommon                                         common       00000
__Lconfig                                         config       00000
__LcstackBANK0                                    cstackBANK0  00000
__LcstackCOMMON                                   cstackCOMMON 00000
__Leeprom_data                                    eeprom_data  00000
__Lend_init                                       end_init     00001
__Lfunctab                                        functab      00000
__Lheap                                           heap         00000
__Lidloc                                          idloc        00000
__Linit                                           init         00001
__Lintentry                                       intentry     00001
__Lmaintext                                       maintext     00000
__LnvBANK0                                        nvBANK0      00000
__Lpowerup                                        powerup      00000
__Lram                                            ram          00000
__Lreset_vec                                      reset_vec    00000
__Lsfr0                                           sfr0         00000
__Lsfr1                                           sfr1         00000
__Lsfr10                                          sfr10        00000
__Lsfr11                                          sfr11        00000
__Lsfr12                                          sfr12        00000
__Lsfr13                                          sfr13        00000
__Lsfr14                                          sfr14        00000
__Lsfr15                                          sfr15        00000
__Lsfr16                                          sfr16        00000
__Lsfr17                                          sfr17        00000
__Lsfr18                                          sfr18        00000
__Lsfr19                                          sfr19        00000
__Lsfr2                                           sfr2         00000
__Lsfr20                                          sfr20        00000
__Lsfr21                                          sfr21        00000
__Lsfr22                                          sfr22        00000
__Lsfr23                                          sfr23        00000
__Lsfr24                                          sfr24        00000
__Lsfr25                                          sfr25        00000
__Lsfr26                                          sfr26        00000
__Lsfr27                                          sfr27        00000
__Lsfr28                                          sfr28        00000
__Lsfr29                                          sfr29        00000
__Lsfr3                                           sfr3         00000
__Lsfr30                                          sfr30        00000
__Lsfr31                                          sfr31        00000
__Lsfr4                                           sfr4         00000
__Lsfr5                                           sfr5         00000
__Lsfr6                                           sfr6         00000
__Lsfr7                                           sfr7         00000
__Lsfr8                                           sfr8         00000
__Lsfr9                                           sfr9         00000
__Lsivt                                           sivt         00001
__Lspace_0                                        (abs)        00000
__Lspace_1                                        (abs)        00000
__Lspace_2                                        (abs)        00000
__Lspace_3                                        (abs)        00000
__Lspace_4                                        (abs)        00000
__Lstack                                          stack        00000
__Lstrings                                        strings      00000
__Lstringtext1                                    stringtext1  00000
__Lstringtext10                                   stringtext10 00000
__Lstringtext11                                   stringtext11 00000
__Lstringtext12                                   stringtext12 00000
__Lstringtext13                                   stringtext13 00000
__Lstringtext14                                   stringtext14 00000
__Lstringtext15                                   stringtext15 00000
__Lstringtext2                                    stringtext2  00000
__Lstringtext3                                    stringtext3  00000
__Lstringtext4                                    stringtext4  00000
__Lstringtext5                                    stringtext5  00000
__Lstringtext6                                    stringtext6  00000
__Lstringtext7                                    stringtext7  00000
__Lstringtext8                                    stringtext8  00000
__Lstringtext9                                    stringtext9  00000
__Ltext                                           text         00000
__S0                                              (abs)        00800
__S1                                              (abs)        0007D
___bmul                                           text17       00225
___bmul@multiplicand                              cstackCOMMON 00070
___bmul@multiplier                                cstackCOMMON 00072
___bmul@product                                   cstackCOMMON 00071
___heap_hi                                        (abs)        00000
___heap_lo                                        (abs)        00000
___int_sp                                         stack        00000
___int_stack_hi                                   stack        00000
___int_stack_lo                                   stack        00000
___latbits                                        (abs)        00000
___sp                                             stack        00000
___stack_hi                                       stack        00000
___stack_lo                                       stack        00000
___stackhi                                        (abs)        00000
___stacklo                                        (abs)        00000
__end_of_CheckPIRSensor                           text16       001FE
__end_of_EUSART_Initialize                        text22       0036A
__end_of_EUSART_Read                              text21       00225
__end_of_EUSART_SetErrorHandler                   text25       001E2
__end_of_EUSART_SetFramingErrorHandler            text24       001E8
__end_of_EUSART_SetOverrunErrorHandler            text23       001EE
__end_of_EUSART_Write                             text14       00208
__end_of_EUSART_is_tx_done                        text13       001DC
__end_of_OSCILLATOR_Initialize                    text20       001F5
__end_of_PIRPORTInit                              text15       001D8
__end_of_PORT_Initialize                          text19       00263
__end_of_UART_SendString                          text12       0032A
__end_of_WDT_Initialize                           text18       001D4
__end_of___bmul                                   text17       00238
__end_of__initialization                          cinit        007FE
__end_of_main                                     maintext     007F9
__end_of_test_PIR_continuous_motion               text10       00446
__end_of_test_PIR_continuous_no_motion            text9        00478
__end_of_test_PIR_initialstate_No_motion_detected text8        002CF
__end_of_test_PIR_initialstate_motion_detected    text7        002ED
__end_of_test_PIR_motion_delay_handling           text6        0038B
__end_of_test_PIR_motion_detected                 text11       002B1
__end_of_test_PIR_no_motion                       text5        0030B
__end_of_test_PIR_toggle_motion_fast              text4        006E0
__end_of_test_PIR_toggle_short_spike              text3        00739
__end_of_test_PIR_unconfigured_pin                text2        0027B
__end_of_test_no_PIR_connected                    text1        00293
__initialization                                  cinit        007F9
__pbssBANK0                                       bssBANK0     0002B
__pbssCOMMON                                      bssCOMMON    0007C
__pcstackBANK0                                    cstackBANK0  00026
__pcstackCOMMON                                   cstackCOMMON 00070
__pmaintext                                       maintext     00739
__pnvBANK0                                        nvBANK0      00020
__pstringtext1                                    stringtext1  0063F
__pstringtext10                                   stringtext10 003B7
__pstringtext11                                   stringtext11 0038B
__pstringtext12                                   stringtext12 0032A
__pstringtext13                                   stringtext13 00238
__pstringtext14                                   stringtext14 00208
__pstringtext15                                   stringtext15 00000
__pstringtext2                                    stringtext2  005F7
__pstringtext3                                    stringtext3  005B0
__pstringtext4                                    stringtext4  0056A
__pstringtext5                                    stringtext5  0052A
__pstringtext6                                    stringtext6  004EE
__pstringtext7                                    stringtext7  004B2
__pstringtext8                                    stringtext8  00478
__pstringtext9                                    stringtext9  003E3
__ptext1                                          text1        0027B
__ptext10                                         text10       00414
__ptext11                                         text11       00293
__ptext12                                         text12       0030B
__ptext13                                         text13       001D8
__ptext14                                         text14       001FE
__ptext15                                         text15       001D4
__ptext16                                         text16       001F5
__ptext17                                         text17       00225
__ptext18                                         text18       001D0
__ptext19                                         text19       0024B
__ptext2                                          text2        00263
__ptext20                                         text20       001EE
__ptext21                                         text21       00216
__ptext22                                         text22       00349
__ptext23                                         text23       001E8
__ptext24                                         text24       001E2
__ptext25                                         text25       001DC
__ptext3                                          text3        006E0
__ptext4                                          text4        00689
__ptext5                                          text5        002ED
__ptext6                                          text6        0036A
__ptext7                                          text7        002CF
__ptext8                                          text8        002B1
__ptext9                                          text9        00446
_eusartRxLastError                                bssCOMMON    0007C
_main                                             maintext     00739
_test_PIR_continuous_motion                       text10       00414
_test_PIR_continuous_no_motion                    text9        00446
_test_PIR_initialstate_No_motion_detected         text8        002B1
_test_PIR_initialstate_motion_detected            text7        002CF
_test_PIR_motion_delay_handling                   text6        0036A
_test_PIR_motion_detected                         text11       00293
_test_PIR_no_motion                               text5        002ED
_test_PIR_toggle_motion_fast                      text4        00689
_test_PIR_toggle_short_spike                      text3        006E0
_test_PIR_unconfigured_pin                        text2        00263
_test_no_PIR_connected                            text1        0027B
btemp                                             (abs)        0007E
end_of_initialization                             cinit        007FE
intlevel0                                         functab      00000
intlevel1                                         functab      00000
intlevel2                                         functab      00000
intlevel3                                         functab      00000
intlevel4                                         functab      00000
intlevel5                                         functab      00000
main@TestcaseSel                                  cstackBANK0  00026
main@index                                        cstackBANK0  0002A
main@rxdata                                       cstackBANK0  00027
reset_vec                                         reset_vec    00000
start                                             init         00001
start_initialization                              cinit        007F9
test_PIR_continuous_motion@loop                   cstackCOMMON 00075
test_PIR_continuous_no_motion@loop                cstackCOMMON 00075
test_PIR_toggle_motion_fast@res1                  cstackCOMMON 00076
test_PIR_toggle_motion_fast@res2                  cstackCOMMON 00078
test_PIR_toggle_motion_fast@res3                  cstackCOMMON 0007A
test_PIR_toggle_short_spike@res1                  cstackCOMMON 00076
test_PIR_toggle_short_spike@res2                  cstackCOMMON 00078
test_PIR_toggle_short_spike@res3                  cstackCOMMON 0007A
wtemp0                                            (abs)        0007E


MODULE INFORMATION

Module		Function		Class		Link	Load	Size
eusart.c
		_EUSART_Read   		CODE           	0216	0000	15
		_EUSART_Write  		CODE           	01FE	0000	10
		_EUSART_is_tx_done		CODE           	01D8	0000	4
		_EUSART_Initialize		CODE           	0349	0000	33
		_EUSART_SetFramingErrorHandler		CODE           	01E2	0000	6
		_EUSART_SetErrorHandler		CODE           	01DC	0000	6
		_EUSART_SetOverrunErrorHandler		CODE           	01E8	0000	6

eusart.c estimated size: 80

shared
		__initialization		CODE           	07F9	0000	5

shared estimated size: 5

C:\Users\Anurag\.mcc\pic\sources\c99\common\Umul8.c
		___bmul        		CODE           	0225	0000	19

C:\Users\Anurag\.mcc\pic\sources\c99\common\Umul8.c estimated size: 19

main.c
		_UART_SendString		CODE           	030B	0000	31
		_PORT_Initialize		CODE           	024B	0000	24
		_test_PIR_continuous_no_motion		CODE           	0446	0000	50
		_test_PIR_motion_delay_handling		CODE           	036A	0000	33
		_WDT_Initialize		CODE           	01D0	0000	4
		_test_no_PIR_connected		CODE           	027B	0000	24
		_test_PIR_no_motion		CODE           	02ED	0000	30
		_test_PIR_continuous_motion		CODE           	0414	0000	50
		_main          		CODE           	0739	0000	192
		_CheckPIRSensor		CODE           	01F5	0000	9
		_test_PIR_toggle_short_spike		CODE           	06E0	0000	89
		_test_PIR_toggle_motion_fast		CODE           	0689	0000	87
		_PIRPORTInit   		CODE           	01D4	0000	4
		_test_PIR_initialstate_No_motion_detected		CODE           	02B1	0000	30
		_OSCILLATOR_Initialize		CODE           	01EE	0000	7
		_test_PIR_unconfigured_pin		CODE           	0263	0000	24
		_test_PIR_initialstate_motion_detected		CODE           	02CF	0000	30
		_test_PIR_motion_detected		CODE           	0293	0000	30

main.c estimated size: 748

