Microchip MPLAB XC8 Compiler V3.00

Linker command line:

-W-3 --edf=C:\Users\Anurag\.mcc\pic\dat\20241204225717_en.msgs -cn \
  -h+dist/default/production\INTEGRATION_TC.X.production.sym \
  --cmf=dist/default/production\INTEGRATION_TC.X.production.cmf -z \
  -Q12F1572 -oC:\Users\Anurag\AppData\Local\Temp\xcBsosg.1\driver_tmp_3.o \
  --defsym=__MPLAB_BUILD=1 --fixupoverflow=error \
  -Mdist/default/production/INTEGRATION_TC.X.production.map \
  --md=C:\Users\Anurag\AppData\Local\Temp\xcBsosg.1\driver_tmp_0.dat -E1 \
  -ver=XC8 Compiler -ACODE=00h-07FFh -ASTRCODE=00h-07FFh \
  -ASTRING=00h-0FFhx8 -ACONST=00h-0FFhx8 -AENTRY=00h-0FFhx8 \
  -ACOMMON=070h-07Fh -ABANK0=020h-06Fh -ABANK1=0A0h-0EFh \
  -ABANK2=0120h-016Fh -ABIGRAM=02000h-020EFh \
  -ARAM=020h-06Fh,0A0h-0EFh,0120h-016Fh \
  -AABS1=020h-07Fh,0A0h-0EFh,0120h-016Fh -ASFR0=00h-01Fh -ASFR1=080h-09Fh \
  -ASFR2=0100h-011Fh -ASFR3=0180h-01EFh -ASFR4=0200h-026Fh \
  -ASFR5=0280h-02EFh -ASFR6=0300h-036Fh -ASFR7=0380h-03EFh \
  -ASFR8=0400h-046Fh -ASFR9=0480h-04EFh -ASFR10=0500h-056Fh \
  -ASFR11=0580h-05EFh -ASFR12=0600h-066Fh -ASFR13=0680h-06EFh \
  -ASFR14=0700h-076Fh -ASFR15=0780h-07EFh -ASFR16=0800h-086Fh \
  -ASFR17=0880h-08EFh -ASFR18=0900h-096Fh -ASFR19=0980h-09EFh \
  -ASFR20=0A00h-0A6Fh -ASFR21=0A80h-0AEFh -ASFR22=0B00h-0B6Fh \
  -ASFR23=0B80h-0BEFh -ASFR24=0C00h-0C6Fh -ASFR25=0C80h-0CEFh \
  -ASFR26=0D00h-0D6Fh -ASFR27=0D80h-0DEFh -ASFR28=0E00h-0E6Fh \
  -ASFR29=0E80h-0EEFh -ASFR30=0F00h-0F6Fh -ASFR31=0F80h-0FEFh \
  -ACONFIG=08007h-08008h -DCONFIG=2 -AIDLOC=08000h-08003h -DIDLOC=2 \
  -DCODE=2 -DSTRCODE=2 -DSTRING=2 -DCONST=2 -DENTRY=2 \
  -preset_vec=00h,intentry,sivt,init,end_init -ppowerup=CODE -pcinit=CODE \
  -pfunctab=ENTRY -k \
  C:\Users\Anurag\AppData\Local\Temp\xcBsosg.1\driver_tmp_12.o \
  dist/default/production\INTEGRATION_TC.X.production.o 

Object code version is 3.11

Machine type is 12F1572



                Name                               Link     Load   Length Selector   Space Scale
C:\Users\Anurag\AppData\Local\Temp\xcBsosg.1\driver_tmp_12.o
                end_init                              1        1        1        0       0
                reset_vec                             0        0        1        0       0
                config                             8007     8007        2        0       4
                idloc                              8000     8000        4        0       5
dist/default/production\INTEGRATION_TC.X.production.o
                cinit                               7FD      7FD        3      FFA       0
                config                             8007     8007        2        0       4
                idloc                              8000     8000        4        0       5
                text26                              313      313        9      626       0
                text25                              2FA      2FA        6      5F4       0
                text24                              300      300        6      600       0
                text23                              306      306        6      60C       0
                text22                              492      492       21      924       0
                text21                              30C      30C        7      618       0
                text20                              36E      36E       1D      6DC       0
                text19                              326      326        D      64C       0
                text18                              333      333        F      666       0
                text17                              2F5      2F5        5      5EA       0
                text16                              31C      31C        A      638       0
                text15                              2F1      2F1        4      5E2       0
                text14                              473      473       1F      8E6       0
                text13                              5F2      5F2       2D      BE4       0
                text12                              38B      38B       1D      716       0
                text11                              3A8      3A8       1D      750       0
                text10                              3C5      3C5       1D      78A       0
                text9                               3E2      3E2       1D      7C4       0
                text8                               7BF      7BF       3E      F7E       0
                text7                               3FF      3FF       1D      7FE       0
                text6                               41C      41C       1D      838       0
                text5                               439      439       1D      872       0
                text4                               747      747       3C      E8E       0
                text3                               456      456       1D      8AC       0
                text2                               61F      61F       2E      C3E       0
                text1                               783      783       3C      F06       0
                maintext                            6AC      6AC       32      D58       0
                cstackCOMMON                         70       70        8       70       1
                bssCOMMON                            7D       7D        1       70       1
                stringtext14                        342      342       13      684       0
                stringtext13                        355      355       19      6AA       0
                stringtext12                        4B3      4B3       24      966       0
                stringtext11                        4D7      4D7       24      9AE       0
                stringtext10                        4FB      4FB       26      9F6       0
                stringtext9                         521      521       27      A42       0
                stringtext8                         548      548       29      A90       0
                stringtext7                         571      571       2A      AE2       0
                stringtext6                         59B      59B       2B      B36       0
                stringtext5                         5C6      5C6       2C      B8C       0
                stringtext4                         64D      64D       2E      C9A       0
                stringtext3                         67B      67B       31      CF6       0
                stringtext2                         6DE      6DE       32      DBC       0
                stringtext1                         710      710       37      E20       0
                nvBANK0                              20       20        6       20       1
                nvCOMMON                             78       78        5       70       1

TOTAL           Name                               Link     Load   Length     Space
        CLASS   CODE           
                end_init                              1        1        1         0
                cinit                               7FD      7FD        3         0
                reset_vec                             0        0        1         0
                text26                              313      313        9         0
                text25                              2FA      2FA        6         0
                text24                              300      300        6         0
                text23                              306      306        6         0
                text22                              492      492       21         0
                text21                              30C      30C        7         0
                text20                              36E      36E       1D         0
                text19                              326      326        D         0
                text18                              333      333        F         0
                text17                              2F5      2F5        5         0
                text16                              31C      31C        A         0
                text15                              2F1      2F1        4         0
                text14                              473      473       1F         0
                text13                              5F2      5F2       2D         0
                text12                              38B      38B       1D         0
                text11                              3A8      3A8       1D         0
                text10                              3C5      3C5       1D         0
                text9                               3E2      3E2       1D         0
                text8                               7BF      7BF       3E         0
                text7                               3FF      3FF       1D         0
                text6                               41C      41C       1D         0
                text5                               439      439       1D         0
                text4                               747      747       3C         0
                text3                               456      456       1D         0
                text2                               61F      61F       2E         0
                text1                               783      783       3C         0
                maintext                            6AC      6AC       32         0

        CLASS   STRCODE        
                stringtext14                        342      342       13         0
                stringtext13                        355      355       19         0
                stringtext12                        4B3      4B3       24         0
                stringtext11                        4D7      4D7       24         0
                stringtext10                        4FB      4FB       26         0
                stringtext9                         521      521       27         0
                stringtext8                         548      548       29         0
                stringtext7                         571      571       2A         0
                stringtext6                         59B      59B       2B         0
                stringtext5                         5C6      5C6       2C         0
                stringtext4                         64D      64D       2E         0
                stringtext3                         67B      67B       31         0
                stringtext2                         6DE      6DE       32         0
                stringtext1                         710      710       37         0

        CLASS   STRING         

        CLASS   CONST          

        CLASS   ENTRY          

        CLASS   COMMON         
                cstackCOMMON                         70       70        8         1
                bssCOMMON                            7D       7D        1         1
                nvCOMMON                             78       78        5         1

        CLASS   BANK0          
                nvBANK0                              20       20        6         1

        CLASS   BANK1          

        CLASS   BANK2          

        CLASS   BIGRAM         

        CLASS   RAM            

        CLASS   ABS1           
                abs_s1                               7E       7E        2         1

        CLASS   SFR0           

        CLASS   SFR1           

        CLASS   SFR2           

        CLASS   SFR3           

        CLASS   SFR4           

        CLASS   SFR5           

        CLASS   SFR6           

        CLASS   SFR7           

        CLASS   SFR8           

        CLASS   SFR9           

        CLASS   SFR10          

        CLASS   SFR11          

        CLASS   SFR12          

        CLASS   SFR13          

        CLASS   SFR14          

        CLASS   SFR15          

        CLASS   SFR16          

        CLASS   SFR17          

        CLASS   SFR18          

        CLASS   SFR19          

        CLASS   SFR20          

        CLASS   SFR21          

        CLASS   SFR22          

        CLASS   SFR23          

        CLASS   SFR24          

        CLASS   SFR25          

        CLASS   SFR26          

        CLASS   SFR27          

        CLASS   SFR28          

        CLASS   SFR29          

        CLASS   SFR30          

        CLASS   SFR31          

        CLASS   CONFIG         
                config                             8007     8007        2         4

        CLASS   IDLOC          
                idloc                              8000     8000        4         5

        CLASS   BANK31         

        CLASS   BANK30         

        CLASS   BANK29         

        CLASS   BANK28         

        CLASS   BANK27         

        CLASS   BANK26         

        CLASS   BANK25         

        CLASS   BANK24         

        CLASS   BANK23         

        CLASS   BANK22         

        CLASS   BANK21         

        CLASS   BANK20         

        CLASS   BANK19         

        CLASS   BANK18         

        CLASS   BANK17         

        CLASS   BANK16         

        CLASS   BANK15         

        CLASS   BANK14         

        CLASS   BANK13         

        CLASS   BANK12         

        CLASS   BANK11         

        CLASS   BANK10         

        CLASS   BANK9          

        CLASS   BANK8          

        CLASS   BANK7          

        CLASS   BANK6          

        CLASS   BANK5          

        CLASS   BANK4          

        CLASS   BANK3          

        CLASS   HEAP           

        CLASS   STACK          

        CLASS   EEDATA         



SEGMENTS        Name                           Load    Length   Top    Selector   Space  Class     Delta

                reset_vec                      000000  000002  000002         0       0  CODE        2
                nvBANK0                        000020  000006  000026        20       1  BANK0       1
                cstackCOMMON                   000070  00000E  00007E        70       1  COMMON      1
                text15                         0002F1  000004  0002F5       5E2       0  CODE        2
                text17                         0002F5  000005  0002FA       5EA       0  CODE        2
                text25                         0002FA  000006  000300       5F4       0  CODE        2
                text24                         000300  000006  000306       600       0  CODE        2
                text23                         000306  000006  00030C       60C       0  CODE        2
                text21                         00030C  000007  000313       618       0  CODE        2
                text26                         000313  000009  00031C       626       0  CODE        2
                text16                         00031C  00000A  000326       638       0  CODE        2
                text19                         000326  00000D  000333       64C       0  CODE        2
                text18                         000333  00000F  000342       666       0  CODE        2
                stringtext14                   000342  000013  000355       684       0  STRCODE     2
                stringtext13                   000355  000019  00036E       6AA       0  STRCODE     2
                text20                         00036E  00001D  00038B       6DC       0  CODE        2
                text12                         00038B  00001D  0003A8       716       0  CODE        2
                text11                         0003A8  00001D  0003C5       750       0  CODE        2
                text10                         0003C5  00001D  0003E2       78A       0  CODE        2
                text9                          0003E2  00001D  0003FF       7C4       0  CODE        2
                text7                          0003FF  00001D  00041C       7FE       0  CODE        2
                text6                          00041C  00001D  000439       838       0  CODE        2
                text5                          000439  00001D  000456       872       0  CODE        2
                text3                          000456  00001D  000473       8AC       0  CODE        2
                text14                         000473  00001F  000492       8E6       0  CODE        2
                text22                         000492  000021  0004B3       924       0  CODE        2
                stringtext12                   0004B3  000024  0004D7       966       0  STRCODE     2
                stringtext11                   0004D7  000024  0004FB       9AE       0  STRCODE     2
                stringtext10                   0004FB  000026  000521       9F6       0  STRCODE     2
                stringtext9                    000521  000027  000548       A42       0  STRCODE     2
                stringtext8                    000548  000029  000571       A90       0  STRCODE     2
                stringtext7                    000571  00002A  00059B       AE2       0  STRCODE     2
                stringtext6                    00059B  00002B  0005C6       B36       0  STRCODE     2
                stringtext5                    0005C6  00002C  0005F2       B8C       0  STRCODE     2
                text13                         0005F2  00002D  00061F       BE4       0  CODE        2
                text2                          00061F  00002E  00064D       C3E       0  CODE        2
                stringtext4                    00064D  00002E  00067B       C9A       0  STRCODE     2
                stringtext3                    00067B  000031  0006AC       CF6       0  STRCODE     2
                maintext                       0006AC  000032  0006DE       D58       0  CODE        2
                stringtext2                    0006DE  000032  000710       DBC       0  STRCODE     2
                stringtext1                    000710  000037  000747       E20       0  STRCODE     2
                text4                          000747  00003C  000783       E8E       0  CODE        2
                text1                          000783  00003C  0007BF       F06       0  CODE        2
                text8                          0007BF  00003E  0007FD       F7E       0  CODE        2
                cinit                          0007FD  000003  000800       FFA       0  CODE        2


UNUSED ADDRESS RANGES

        Name                Unused          Largest block    Delta
        BANK0            00026-0006F              4A           1
        BANK1            000A0-000EF              50           1
        BANK2            00120-0016F              50           1
        BIGRAM           02000-020EF              F0           1
        CODE             00002-002F0             2EF           2
        CONST            00002-002F0             100           2
        ENTRY            00002-002F0             100           2
        RAM              00026-0006F              4A           1
                         000A0-000EF              50
                         00120-0016F              50
        SFR0             00000-0001F              20           1
        SFR1             00080-0009F              20           1
        SFR10            00500-0056F              70           1
        SFR11            00580-005EF              70           1
        SFR12            00600-0066F              70           1
        SFR13            00680-006EF              70           1
        SFR14            00700-0076F              70           1
        SFR15            00780-007EF              70           1
        SFR16            00800-0086F              70           1
        SFR17            00880-008EF              70           1
        SFR18            00900-0096F              70           1
        SFR19            00980-009EF              70           1
        SFR2             00100-0011F              20           1
        SFR20            00A00-00A6F              70           1
        SFR21            00A80-00AEF              70           1
        SFR22            00B00-00B6F              70           1
        SFR23            00B80-00BEF              70           1
        SFR24            00C00-00C6F              70           1
        SFR25            00C80-00CEF              70           1
        SFR26            00D00-00D6F              70           1
        SFR27            00D80-00DEF              70           1
        SFR28            00E00-00E6F              70           1
        SFR29            00E80-00EEF              70           1
        SFR3             00180-001EF              70           1
        SFR30            00F00-00F6F              70           1
        SFR31            00F80-00FEF              70           1
        SFR4             00200-0026F              70           1
        SFR5             00280-002EF              70           1
        SFR6             00300-0036F              70           1
        SFR7             00380-003EF              70           1
        SFR8             00400-0046F              70           1
        SFR9             00480-004EF              70           1
        STRCODE          00002-002F0             2EF           2
        STRING           00002-002F0             100           2

                                  Symbol Table

?_ReadLDR1                                     cstackCOMMON 00070
?_ReadLDR2                                     cstackCOMMON 00070
EUSART_SetErrorHandler@interruptHandler        cstackCOMMON 00070
EUSART_SetFramingErrorHandler@interruptHandler cstackCOMMON 00070
EUSART_SetOverrunErrorHandler@interruptHandler cstackCOMMON 00070
EUSART_Write@txData                            cstackCOMMON 00070
UART_SendString@str                            cstackCOMMON 00071
_ADCON0                                        (abs)        0009D
_ADCON0bits                                    (abs)        0009D
_ADCON1                                        (abs)        0009E
_ADCON2                                        (abs)        0009F
_ADC_Initialize                                text26       00313
_ADRESH                                        (abs)        0009C
_ADRESL                                        (abs)        0009B
_ANSELA                                        (abs)        0018C
_APFCON                                        (abs)        0011D
_BAUDCON                                       (abs)        0019F
_BORCON                                        (abs)        00116
_EUSART_DefaultErrorHandler                    (abs)        00000
_EUSART_DefaultFramingErrorHandler             (abs)        00000
_EUSART_DefaultOverrunErrorHandler             (abs)        00000
_EUSART_ErrorHandler                           nvBANK0      00020
_EUSART_FramingErrorHandler                    nvBANK0      00024
_EUSART_Initialize                             text22       00492
_EUSART_OverrunErrorHandler                    nvBANK0      00022
_EUSART_SetErrorHandler                        text25       002FA
_EUSART_SetFramingErrorHandler                 text24       00300
_EUSART_SetOverrunErrorHandler                 text23       00306
_EUSART_Write                                  text16       0031C
_EUSART_is_tx_done                             text15       002F1
_INLVLA                                        (abs)        0038C
_LATAbits                                      (abs)        0010C
_LDR1_Value                                    nvCOMMON     0007A
_LDR2_Value                                    nvCOMMON     00078
_ODCONA                                        (abs)        0028C
_OPTION_REGbits                                (abs)        00095
_OSCCON                                        (abs)        00099
_OSCILLATOR_Initialize                         text21       0030C
_OSCTUNE                                       (abs)        00098
_PIR1bits                                      (abs)        00011
_PIR_State                                     nvCOMMON     0007C
_PORTAbits                                     (abs)        0000C
_PORT_Initialize                               text20       0036E
_RCREG                                         (abs)        00199
_RCSTA                                         (abs)        0019D
_RCSTAbits                                     (abs)        0019D
_ReadLDR1                                      text19       00326
_ReadLDR2                                      text18       00333
_ReadPIR                                       text17       002F5
_SLRCONA                                       (abs)        0030C
_SPBRGH                                        (abs)        0019C
_SPBRGL                                        (abs)        0019B
_TRISAbits                                     (abs)        0008C
_TXREG                                         (abs)        0019A
_TXSTA                                         (abs)        0019E
_TXSTAbits                                     (abs)        0019E
_UART_SendString                               text14       00473
_WPUA                                          (abs)        0020C
__H__absolute__                                __absolute__ 00000
__Habs1                                        abs1         00000
__Hbank0                                       bank0        00000
__Hbank1                                       bank1        00000
__Hbank10                                      bank10       00000
__Hbank11                                      bank11       00000
__Hbank12                                      bank12       00000
__Hbank13                                      bank13       00000
__Hbank14                                      bank14       00000
__Hbank15                                      bank15       00000
__Hbank16                                      bank16       00000
__Hbank17                                      bank17       00000
__Hbank18                                      bank18       00000
__Hbank19                                      bank19       00000
__Hbank2                                       bank2        00000
__Hbank20                                      bank20       00000
__Hbank21                                      bank21       00000
__Hbank22                                      bank22       00000
__Hbank23                                      bank23       00000
__Hbank24                                      bank24       00000
__Hbank25                                      bank25       00000
__Hbank26                                      bank26       00000
__Hbank27                                      bank27       00000
__Hbank28                                      bank28       00000
__Hbank29                                      bank29       00000
__Hbank3                                       bank3        00000
__Hbank30                                      bank30       00000
__Hbank31                                      bank31       00000
__Hbank4                                       bank4        00000
__Hbank5                                       bank5        00000
__Hbank6                                       bank6        00000
__Hbank7                                       bank7        00000
__Hbank8                                       bank8        00000
__Hbank9                                       bank9        00000
__Hbigram                                      bigram       00000
__HbssCOMMON                                   bssCOMMON    00000
__Hcinit                                       cinit        00800
__Hclrtext                                     clrtext      00000
__Hcode                                        code         00000
__Hcommon                                      common       00000
__Hconfig                                      config       08009
__HcstackCOMMON                                cstackCOMMON 00000
__Heeprom_data                                 eeprom_data  00000
__Hend_init                                    end_init     00002
__Hfunctab                                     functab      00000
__Hheap                                        heap         00000
__Hidloc                                       idloc        08004
__Hinit                                        init         00001
__Hintentry                                    intentry     00001
__Hmaintext                                    maintext     00000
__HnvBANK0                                     nvBANK0      00000
__HnvCOMMON                                    nvCOMMON     00000
__Hpowerup                                     powerup      00000
__Hram                                         ram          00000
__Hreset_vec                                   reset_vec    00001
__Hsfr0                                        sfr0         00000
__Hsfr1                                        sfr1         00000
__Hsfr10                                       sfr10        00000
__Hsfr11                                       sfr11        00000
__Hsfr12                                       sfr12        00000
__Hsfr13                                       sfr13        00000
__Hsfr14                                       sfr14        00000
__Hsfr15                                       sfr15        00000
__Hsfr16                                       sfr16        00000
__Hsfr17                                       sfr17        00000
__Hsfr18                                       sfr18        00000
__Hsfr19                                       sfr19        00000
__Hsfr2                                        sfr2         00000
__Hsfr20                                       sfr20        00000
__Hsfr21                                       sfr21        00000
__Hsfr22                                       sfr22        00000
__Hsfr23                                       sfr23        00000
__Hsfr24                                       sfr24        00000
__Hsfr25                                       sfr25        00000
__Hsfr26                                       sfr26        00000
__Hsfr27                                       sfr27        00000
__Hsfr28                                       sfr28        00000
__Hsfr29                                       sfr29        00000
__Hsfr3                                        sfr3         00000
__Hsfr30                                       sfr30        00000
__Hsfr31                                       sfr31        00000
__Hsfr4                                        sfr4         00000
__Hsfr5                                        sfr5         00000
__Hsfr6                                        sfr6         00000
__Hsfr7                                        sfr7         00000
__Hsfr8                                        sfr8         00000
__Hsfr9                                        sfr9         00000
__Hsivt                                        sivt         00001
__Hspace_0                                     (abs)        00800
__Hspace_1                                     (abs)        0007E
__Hspace_2                                     (abs)        00000
__Hspace_3                                     (abs)        00000
__Hspace_4                                     (abs)        10010
__Hstack                                       stack        00000
__Hstrings                                     strings      00000
__Hstringtext1                                 stringtext1  00000
__Hstringtext10                                stringtext10 00000
__Hstringtext11                                stringtext11 00000
__Hstringtext12                                stringtext12 00000
__Hstringtext13                                stringtext13 00000
__Hstringtext14                                stringtext14 00000
__Hstringtext15                                stringtext15 00000
__Hstringtext2                                 stringtext2  00000
__Hstringtext3                                 stringtext3  00000
__Hstringtext4                                 stringtext4  00000
__Hstringtext5                                 stringtext5  00000
__Hstringtext6                                 stringtext6  00000
__Hstringtext7                                 stringtext7  00000
__Hstringtext8                                 stringtext8  00000
__Hstringtext9                                 stringtext9  00000
__Htext                                        text         00000
__L__absolute__                                __absolute__ 00000
__Labs1                                        abs1         00000
__Lbank0                                       bank0        00000
__Lbank1                                       bank1        00000
__Lbank10                                      bank10       00000
__Lbank11                                      bank11       00000
__Lbank12                                      bank12       00000
__Lbank13                                      bank13       00000
__Lbank14                                      bank14       00000
__Lbank15                                      bank15       00000
__Lbank16                                      bank16       00000
__Lbank17                                      bank17       00000
__Lbank18                                      bank18       00000
__Lbank19                                      bank19       00000
__Lbank2                                       bank2        00000
__Lbank20                                      bank20       00000
__Lbank21                                      bank21       00000
__Lbank22                                      bank22       00000
__Lbank23                                      bank23       00000
__Lbank24                                      bank24       00000
__Lbank25                                      bank25       00000
__Lbank26                                      bank26       00000
__Lbank27                                      bank27       00000
__Lbank28                                      bank28       00000
__Lbank29                                      bank29       00000
__Lbank3                                       bank3        00000
__Lbank30                                      bank30       00000
__Lbank31                                      bank31       00000
__Lbank4                                       bank4        00000
__Lbank5                                       bank5        00000
__Lbank6                                       bank6        00000
__Lbank7                                       bank7        00000
__Lbank8                                       bank8        00000
__Lbank9                                       bank9        00000
__Lbigram                                      bigram       00000
__LbssCOMMON                                   bssCOMMON    00000
__Lcinit                                       cinit        007FD
__Lclrtext                                     clrtext      00000
__Lcode                                        code         00000
__Lcommon                                      common       00000
__Lconfig                                      config       00000
__LcstackCOMMON                                cstackCOMMON 00000
__Leeprom_data                                 eeprom_data  00000
__Lend_init                                    end_init     00001
__Lfunctab                                     functab      00000
__Lheap                                        heap         00000
__Lidloc                                       idloc        00000
__Linit                                        init         00001
__Lintentry                                    intentry     00001
__Lmaintext                                    maintext     00000
__LnvBANK0                                     nvBANK0      00000
__LnvCOMMON                                    nvCOMMON     00000
__Lpowerup                                     powerup      00000
__Lram                                         ram          00000
__Lreset_vec                                   reset_vec    00000
__Lsfr0                                        sfr0         00000
__Lsfr1                                        sfr1         00000
__Lsfr10                                       sfr10        00000
__Lsfr11                                       sfr11        00000
__Lsfr12                                       sfr12        00000
__Lsfr13                                       sfr13        00000
__Lsfr14                                       sfr14        00000
__Lsfr15                                       sfr15        00000
__Lsfr16                                       sfr16        00000
__Lsfr17                                       sfr17        00000
__Lsfr18                                       sfr18        00000
__Lsfr19                                       sfr19        00000
__Lsfr2                                        sfr2         00000
__Lsfr20                                       sfr20        00000
__Lsfr21                                       sfr21        00000
__Lsfr22                                       sfr22        00000
__Lsfr23                                       sfr23        00000
__Lsfr24                                       sfr24        00000
__Lsfr25                                       sfr25        00000
__Lsfr26                                       sfr26        00000
__Lsfr27                                       sfr27        00000
__Lsfr28                                       sfr28        00000
__Lsfr29                                       sfr29        00000
__Lsfr3                                        sfr3         00000
__Lsfr30                                       sfr30        00000
__Lsfr31                                       sfr31        00000
__Lsfr4                                        sfr4         00000
__Lsfr5                                        sfr5         00000
__Lsfr6                                        sfr6         00000
__Lsfr7                                        sfr7         00000
__Lsfr8                                        sfr8         00000
__Lsfr9                                        sfr9         00000
__Lsivt                                        sivt         00001
__Lspace_0                                     (abs)        00000
__Lspace_1                                     (abs)        00000
__Lspace_2                                     (abs)        00000
__Lspace_3                                     (abs)        00000
__Lspace_4                                     (abs)        00000
__Lstack                                       stack        00000
__Lstrings                                     strings      00000
__Lstringtext1                                 stringtext1  00000
__Lstringtext10                                stringtext10 00000
__Lstringtext11                                stringtext11 00000
__Lstringtext12                                stringtext12 00000
__Lstringtext13                                stringtext13 00000
__Lstringtext14                                stringtext14 00000
__Lstringtext15                                stringtext15 00000
__Lstringtext2                                 stringtext2  00000
__Lstringtext3                                 stringtext3  00000
__Lstringtext4                                 stringtext4  00000
__Lstringtext5                                 stringtext5  00000
__Lstringtext6                                 stringtext6  00000
__Lstringtext7                                 stringtext7  00000
__Lstringtext8                                 stringtext8  00000
__Lstringtext9                                 stringtext9  00000
__Ltext                                        text         00000
__S0                                           (abs)        00800
__S1                                           (abs)        0007E
___heap_hi                                     (abs)        00000
___heap_lo                                     (abs)        00000
___int_sp                                      stack        00000
___int_stack_hi                                stack        00000
___int_stack_lo                                stack        00000
___latbits                                     (abs)        00000
___sp                                          stack        00000
___stack_hi                                    stack        00000
___stack_lo                                    stack        00000
___stackhi                                     (abs)        00000
___stacklo                                     (abs)        00000
__end_of_ADC_Initialize                        text26       0031C
__end_of_EUSART_Initialize                     text22       004B3
__end_of_EUSART_SetErrorHandler                text25       00300
__end_of_EUSART_SetFramingErrorHandler         text24       00306
__end_of_EUSART_SetOverrunErrorHandler         text23       0030C
__end_of_EUSART_Write                          text16       00326
__end_of_EUSART_is_tx_done                     text15       002F5
__end_of_OSCILLATOR_Initialize                 text21       00313
__end_of_PORT_Initialize                       text20       0038B
__end_of_ReadLDR1                              text19       00333
__end_of_ReadLDR2                              text18       00342
__end_of_ReadPIR                               text17       002FA
__end_of_UART_SendString                       text14       00492
__end_of__initialization                       cinit        007FE
__end_of_evaluate_and_act                      text13       0061F
__end_of_main                                  maintext     006DE
__end_of_test_INT_TC_01                        text12       003A8
__end_of_test_INT_TC_02                        text11       003C5
__end_of_test_INT_TC_03                        text10       003E2
__end_of_test_INT_TC_04                        text9        003FF
__end_of_test_INT_TC_05                        text8        007FD
__end_of_test_INT_TC_06                        text7        0041C
__end_of_test_INT_TC_07                        text6        00439
__end_of_test_INT_TC_08                        text5        00456
__end_of_test_INT_TC_09                        text4        00783
__end_of_test_INT_TC_10                        text3        00473
__end_of_test_INT_TC_11                        text2        0064D
__end_of_test_INT_TC_12                        text1        007BF
__initialization                               cinit        007FD
__pbssCOMMON                                   bssCOMMON    0007D
__pcstackCOMMON                                cstackCOMMON 00070
__pmaintext                                    maintext     006AC
__pnvBANK0                                     nvBANK0      00020
__pnvCOMMON                                    nvCOMMON     00078
__pstringtext1                                 stringtext1  00710
__pstringtext10                                stringtext10 004FB
__pstringtext11                                stringtext11 004D7
__pstringtext12                                stringtext12 004B3
__pstringtext13                                stringtext13 00355
__pstringtext14                                stringtext14 00342
__pstringtext15                                stringtext15 00000
__pstringtext2                                 stringtext2  006DE
__pstringtext3                                 stringtext3  0067B
__pstringtext4                                 stringtext4  0064D
__pstringtext5                                 stringtext5  005C6
__pstringtext6                                 stringtext6  0059B
__pstringtext7                                 stringtext7  00571
__pstringtext8                                 stringtext8  00548
__pstringtext9                                 stringtext9  00521
__ptext1                                       text1        00783
__ptext10                                      text10       003C5
__ptext11                                      text11       003A8
__ptext12                                      text12       0038B
__ptext13                                      text13       005F2
__ptext14                                      text14       00473
__ptext15                                      text15       002F1
__ptext16                                      text16       0031C
__ptext17                                      text17       002F5
__ptext18                                      text18       00333
__ptext19                                      text19       00326
__ptext2                                       text2        0061F
__ptext20                                      text20       0036E
__ptext21                                      text21       0030C
__ptext22                                      text22       00492
__ptext23                                      text23       00306
__ptext24                                      text24       00300
__ptext25                                      text25       002FA
__ptext26                                      text26       00313
__ptext3                                       text3        00456
__ptext4                                       text4        00747
__ptext5                                       text5        00439
__ptext6                                       text6        0041C
__ptext7                                       text7        003FF
__ptext8                                       text8        007BF
__ptext9                                       text9        003E2
_eusartRxLastError                             bssCOMMON    0007D
_evaluate_and_act                              text13       005F2
_main                                          maintext     006AC
_test_INT_TC_01                                text12       0038B
_test_INT_TC_02                                text11       003A8
_test_INT_TC_03                                text10       003C5
_test_INT_TC_04                                text9        003E2
_test_INT_TC_05                                text8        007BF
_test_INT_TC_06                                text7        003FF
_test_INT_TC_07                                text6        0041C
_test_INT_TC_08                                text5        00439
_test_INT_TC_09                                text4        00747
_test_INT_TC_10                                text3        00456
_test_INT_TC_11                                text2        0061F
_test_INT_TC_12                                text1        00783
btemp                                          (abs)        0007E
end_of_initialization                          cinit        007FE
intlevel0                                      functab      00000
intlevel1                                      functab      00000
intlevel2                                      functab      00000
intlevel3                                      functab      00000
intlevel4                                      functab      00000
intlevel5                                      functab      00000
reset_vec                                      reset_vec    00000
start                                          init         00001
start_initialization                           cinit        007FD
test_INT_TC_09@i                               cstackCOMMON 00076
test_INT_TC_12@i                               cstackCOMMON 00076
wtemp0                                         (abs)        0007E


MODULE INFORMATION

Module		Function		Class		Link	Load	Size
eusart.c
		_EUSART_Write  		CODE           	031C	0000	10
		_EUSART_is_tx_done		CODE           	02F1	0000	4
		_EUSART_Initialize		CODE           	0492	0000	33
		_EUSART_SetFramingErrorHandler		CODE           	0300	0000	6
		_EUSART_SetErrorHandler		CODE           	02FA	0000	6
		_EUSART_SetOverrunErrorHandler		CODE           	0306	0000	6

eusart.c estimated size: 65

shared
		__initialization		CODE           	07FD	0000	1

shared estimated size: 1

main.c
		_UART_SendString		CODE           	0473	0000	31
		_PORT_Initialize		CODE           	036E	0000	29
		_ReadPIR       		CODE           	02F5	0000	5
		_ADC_Initialize		CODE           	0313	0000	9
		_main          		CODE           	06AC	0000	50
		_evaluate_and_act		CODE           	05F2	0000	45
		_test_INT_TC_10		CODE           	0456	0000	29
		_test_INT_TC_01		CODE           	038B	0000	29
		_test_INT_TC_11		CODE           	061F	0000	46
		_test_INT_TC_02		CODE           	03A8	0000	29
		_test_INT_TC_12		CODE           	0783	0000	60
		_test_INT_TC_03		CODE           	03C5	0000	29
		_test_INT_TC_04		CODE           	03E2	0000	29
		_test_INT_TC_05		CODE           	07BF	0000	62
		_OSCILLATOR_Initialize		CODE           	030C	0000	7
		_test_INT_TC_06		CODE           	03FF	0000	29
		_test_INT_TC_07		CODE           	041C	0000	29
		_test_INT_TC_08		CODE           	0439	0000	29
		_test_INT_TC_09		CODE           	0747	0000	60
		_ReadLDR1      		CODE           	0326	0000	13
		_ReadLDR2      		CODE           	0333	0000	15

main.c estimated size: 664

