Microchip MPLAB XC8 Compiler V3.00

Linker command line:

-W-3 --edf=C:\Users\Anurag\.mcc\pic\dat\20241204225717_en.msgs -cn \
  -h+dist/default/production\Motion_detection.X.production.sym \
  --cmf=dist/default/production\Motion_detection.X.production.cmf -z \
  -Q12F1572 -oC:\Users\Anurag\AppData\Local\Temp\xcAs8u8.\driver_tmp_3.o \
  --defsym=__MPLAB_BUILD=1 --fixupoverflow=error \
  -Mdist/default/production/Motion_detection.X.production.map \
  --md=C:\Users\Anurag\AppData\Local\Temp\xcAs8u8.\driver_tmp_0.dat -E1 \
  -ver=XC8 Compiler -ACODE=00h-07FFh -ASTRCODE=00h-07FFh \
  -ASTRING=00h-0FFhx8 -ACONST=00h-0FFhx8 -AENTRY=00h-0FFhx8 \
  -ACOMMON=070h-07Fh -ABANK0=020h-06Fh -ABANK1=0A0h-0EFh \
  -ABANK2=0120h-016Fh -ABIGRAM=02000h-020EFh \
  -ARAM=020h-06Fh,0A0h-0EFh,0120h-016Fh \
  -AABS1=020h-07Fh,0A0h-0EFh,0120h-016Fh -ASFR0=00h-01Fh -ASFR1=080h-09Fh \
  -ASFR2=0100h-011Fh -ASFR3=0180h-01EFh -ASFR4=0200h-026Fh \
  -ASFR5=0280h-02EFh -ASFR6=0300h-036Fh -ASFR7=0380h-03EFh \
  -ASFR8=0400h-046Fh -ASFR9=0480h-04EFh -ASFR10=0500h-056Fh \
  -ASFR11=0580h-05EFh -ASFR12=0600h-066Fh -ASFR13=0680h-06EFh \
  -ASFR14=0700h-076Fh -ASFR15=0780h-07EFh -ASFR16=0800h-086Fh \
  -ASFR17=0880h-08EFh -ASFR18=0900h-096Fh -ASFR19=0980h-09EFh \
  -ASFR20=0A00h-0A6Fh -ASFR21=0A80h-0AEFh -ASFR22=0B00h-0B6Fh \
  -ASFR23=0B80h-0BEFh -ASFR24=0C00h-0C6Fh -ASFR25=0C80h-0CEFh \
  -ASFR26=0D00h-0D6Fh -ASFR27=0D80h-0DEFh -ASFR28=0E00h-0E6Fh \
  -ASFR29=0E80h-0EEFh -ASFR30=0F00h-0F6Fh -ASFR31=0F80h-0FEFh \
  -ACONFIG=08007h-08008h -DCONFIG=2 -AIDLOC=08000h-08003h -DIDLOC=2 \
  -DCODE=2 -DSTRCODE=2 -DSTRING=2 -DCONST=2 -DENTRY=2 \
  -preset_vec=00h,intentry=04h,sivt,init,end_init -ppowerup=CODE \
  -pcinit=CODE -pfunctab=ENTRY -k \
  C:\Users\Anurag\AppData\Local\Temp\xcAs8u8.\driver_tmp_12.o \
  dist/default/production\Motion_detection.X.production.o 

Object code version is 3.11

Machine type is 12F1572



                Name                               Link     Load   Length Selector   Space Scale
C:\Users\Anurag\AppData\Local\Temp\xcAs8u8.\driver_tmp_12.o
                end_init                             19       19        1        8       0
                reset_vec                             0        0        1        0       0
                config                             8007     8007        2        0       4
                idloc                              8000     8000        4        0       5
dist/default/production\Motion_detection.X.production.o
                cinit                                1A       1A        A        8       0
                intentry                              4        4       15        8       0
                config                             8007     8007        2        0       4
                idloc                              8000     8000        4        0       5
                text30                              1D4      1D4        2        8       0
                text29                              163      163       11        8       0
                text28                              115      115       16        8       0
                text26                              1D1      1D1        3        8       0
                text25                              12B      12B       14        8       0
                text24                              1B8      1B8        6        8       0
                text23                              199      199        7        8       0
                text22                              174      174        D        8       0
                text21                              1CE      1CE        3        8       0
                text20                               FE       FE       17        8       0
                text19                               E7       E7       17        8       0
                text18                               55       55       27        8       0
                text17                              1BE      1BE        5        8       0
                text16                              1C7      1C7        4        8       0
                text15                              152      152       11        8       0
                text14                              18A      18A        8        8       0
                text13                              1CB      1CB        3        8       0
                text12                               24       24       31        8       0
                text11                              181      181        9        8       0
                text10                              1B2      1B2        6        8       0
                text9                               1AC      1AC        6        8       0
                text8                               1A6      1A6        6        8       0
                text7                                7C       7C       22        8       0
                text6                               192      192        7        8       0
                text5                                CF       CF       18        8       0
                text4                               1A0      1A0        6        8       0
                text3                                B7       B7       18        8       0
                text2                               1C3      1C3        4        8       0
                text1                               13F      13F       13        8       0
                maintext                             9E       9E       19        8       0
                cstackBANK0                          28       28        5       20       1
                cstackCOMMON                         70       70        8       70       1
                bssBANK0                             2D       2D        3       20       1
                bssCOMMON                            78       78        3       70       1
                nvBANK0                              20       20        8       20       1

TOTAL           Name                               Link     Load   Length     Space
        CLASS   CODE           
                end_init                             19       19        1         0
                cinit                                1A       1A        A         0
                intentry                              4        4       15         0
                reset_vec                             0        0        1         0
                text30                              1D4      1D4        2         0
                text29                              163      163       11         0
                text28                              115      115       16         0
                text26                              1D1      1D1        3         0
                text25                              12B      12B       14         0
                text24                              1B8      1B8        6         0
                text23                              199      199        7         0
                text22                              174      174        D         0
                text21                              1CE      1CE        3         0
                text20                               FE       FE       17         0
                text19                               E7       E7       17         0
                text18                               55       55       27         0
                text17                              1BE      1BE        5         0
                text16                              1C7      1C7        4         0
                text15                              152      152       11         0
                text14                              18A      18A        8         0
                text13                              1CB      1CB        3         0
                text12                               24       24       31         0
                text11                              181      181        9         0
                text10                              1B2      1B2        6         0
                text9                               1AC      1AC        6         0
                text8                               1A6      1A6        6         0
                text7                                7C       7C       22         0
                text6                               192      192        7         0
                text5                                CF       CF       18         0
                text4                               1A0      1A0        6         0
                text3                                B7       B7       18         0
                text2                               1C3      1C3        4         0
                text1                               13F      13F       13         0
                maintext                             9E       9E       19         0

        CLASS   STRCODE        

        CLASS   STRING         

        CLASS   CONST          

        CLASS   ENTRY          

        CLASS   COMMON         
                cstackCOMMON                         70       70        8         1
                bssCOMMON                            78       78        3         1

        CLASS   BANK0          
                cstackBANK0                          28       28        5         1
                bssBANK0                             2D       2D        3         1
                nvBANK0                              20       20        8         1

        CLASS   BANK1          

        CLASS   BANK2          

        CLASS   BIGRAM         

        CLASS   RAM            

        CLASS   ABS1           
                abs_s1                               7E       7E        2         1

        CLASS   SFR0           

        CLASS   SFR1           

        CLASS   SFR2           

        CLASS   SFR3           

        CLASS   SFR4           

        CLASS   SFR5           

        CLASS   SFR6           

        CLASS   SFR7           

        CLASS   SFR8           

        CLASS   SFR9           

        CLASS   SFR10          

        CLASS   SFR11          

        CLASS   SFR12          

        CLASS   SFR13          

        CLASS   SFR14          

        CLASS   SFR15          

        CLASS   SFR16          

        CLASS   SFR17          

        CLASS   SFR18          

        CLASS   SFR19          

        CLASS   SFR20          

        CLASS   SFR21          

        CLASS   SFR22          

        CLASS   SFR23          

        CLASS   SFR24          

        CLASS   SFR25          

        CLASS   SFR26          

        CLASS   SFR27          

        CLASS   SFR28          

        CLASS   SFR29          

        CLASS   SFR30          

        CLASS   SFR31          

        CLASS   CONFIG         
                config                             8007     8007        2         4

        CLASS   IDLOC          
                idloc                              8000     8000        4         5

        CLASS   BANK31         

        CLASS   BANK30         

        CLASS   BANK29         

        CLASS   BANK28         

        CLASS   BANK27         

        CLASS   BANK26         

        CLASS   BANK25         

        CLASS   BANK24         

        CLASS   BANK23         

        CLASS   BANK22         

        CLASS   BANK21         

        CLASS   BANK20         

        CLASS   BANK19         

        CLASS   BANK18         

        CLASS   BANK17         

        CLASS   BANK16         

        CLASS   BANK15         

        CLASS   BANK14         

        CLASS   BANK13         

        CLASS   BANK12         

        CLASS   BANK11         

        CLASS   BANK10         

        CLASS   BANK9          

        CLASS   BANK8          

        CLASS   BANK7          

        CLASS   BANK6          

        CLASS   BANK5          

        CLASS   BANK4          

        CLASS   BANK3          

        CLASS   HEAP           

        CLASS   STACK          

        CLASS   EEDATA         



SEGMENTS        Name                           Load    Length   Top    Selector   Space  Class     Delta

                reset_vec                      000000  000001  000001         0       0  CODE        2
                intentry                       000004  0001D2  0001D6         8       0  CODE        2
                nvBANK0                        000020  000010  000030        20       1  BANK0       1
                cstackCOMMON                   000070  00000B  00007B        70       1  COMMON      1


UNUSED ADDRESS RANGES

        Name                Unused          Largest block    Delta
        BANK0            00030-0006F              40           1
        BANK1            000A0-000EF              50           1
        BANK2            00120-0016F              50           1
        BIGRAM           02000-020EF              F0           1
        CODE             00001-00003               3           2
                         001D6-007FF             62A
        COMMON           0007B-0007D               3           1
        CONST            00001-00003               3           2
                         001D6-007FF             100
        ENTRY            00001-00003               3           2
                         001D6-007FF             100
        RAM              00030-0006F              40           1
                         000A0-000EF              50
                         00120-0016F              50
        SFR0             00000-0001F              20           1
        SFR1             00080-0009F              20           1
        SFR10            00500-0056F              70           1
        SFR11            00580-005EF              70           1
        SFR12            00600-0066F              70           1
        SFR13            00680-006EF              70           1
        SFR14            00700-0076F              70           1
        SFR15            00780-007EF              70           1
        SFR16            00800-0086F              70           1
        SFR17            00880-008EF              70           1
        SFR18            00900-0096F              70           1
        SFR19            00980-009EF              70           1
        SFR2             00100-0011F              20           1
        SFR20            00A00-00A6F              70           1
        SFR21            00A80-00AEF              70           1
        SFR22            00B00-00B6F              70           1
        SFR23            00B80-00BEF              70           1
        SFR24            00C00-00C6F              70           1
        SFR25            00C80-00CEF              70           1
        SFR26            00D00-00D6F              70           1
        SFR27            00D80-00DEF              70           1
        SFR28            00E00-00E6F              70           1
        SFR29            00E80-00EEF              70           1
        SFR3             00180-001EF              70           1
        SFR30            00F00-00F6F              70           1
        SFR31            00F80-00FEF              70           1
        SFR4             00200-0026F              70           1
        SFR5             00280-002EF              70           1
        SFR6             00300-0036F              70           1
        SFR7             00380-003EF              70           1
        SFR8             00400-0046F              70           1
        SFR9             00480-004EF              70           1
        STRCODE          00001-00003               3           2
                         001D6-007FF             62A
        STRING           00001-00003               3           2
                         001D6-007FF             100

                                  Symbol Table

?_ADC1_GetConversionResult                     cstackCOMMON 00072
?_ReadLDR1                                     cstackCOMMON 00074
?_ReadLDR2                                     cstackCOMMON 00074
ADC1_SelectChannel@channel                     cstackCOMMON 00073
EUSART_SetErrorHandler@interruptHandler        cstackCOMMON 00072
EUSART_SetFramingErrorHandler@interruptHandler cstackCOMMON 00072
EUSART_SetOverrunErrorHandler@interruptHandler cstackCOMMON 00072
IsDarkCondition@ldr1                           cstackBANK0  00028
IsDarkCondition@ldr2                           cstackBANK0  0002A
TMR1_SetInterruptHandler@InterruptHandler      cstackCOMMON 00072
TMR1_WriteTimer@timerVal                       cstackCOMMON 00072
_ADC1_GetConversionResult                      text24       001B8
_ADC1_Initialize                               text11       00181
_ADC1_IsConversionDone                         text23       00199
_ADC1_SelectChannel                            text22       00174
_ADC1_StartConversion                          text21       001CE
_ADCON0                                        (abs)        0009D
_ADCON0bits                                    (abs)        0009D
_ADCON1                                        (abs)        0009E
_ADCON2                                        (abs)        0009F
_ADRESH                                        (abs)        0009C
_ADRESL                                        (abs)        0009B
_ANSELA                                        (abs)        0018C
_APFCON                                        (abs)        0011D
_APP_Init                                      text25       0012B
_APP_Task                                      text12       00024
_BAUDCON                                       (abs)        0019F
_BORCON                                        (abs)        00116
_EUSART_DefaultErrorHandler                    (abs)        00000
_EUSART_DefaultFramingErrorHandler             (abs)        00000
_EUSART_DefaultOverrunErrorHandler             (abs)        00000
_EUSART_ErrorHandler                           nvBANK0      00022
_EUSART_FramingErrorHandler                    nvBANK0      00026
_EUSART_Initialize                             text7        0007C
_EUSART_OverrunErrorHandler                    nvBANK0      00024
_EUSART_SetErrorHandler                        text10       001B2
_EUSART_SetFramingErrorHandler                 text9        001AC
_EUSART_SetOverrunErrorHandler                 text8        001A6
_INLVLA                                        (abs)        0038C
_INTCONbits                                    (abs)        0000B
_INTERRUPT_InterruptManager                    intentry     00004
_IsDarkCondition                               text18       00055
_IsDarkCondition$742                           cstackBANK0  0002C
_IsMotionDetected                              text16       001C7
_LATA                                          (abs)        0010C
_LATAbits                                      (abs)        0010C
_MotionPresent                                 bssCOMMON    0007A
_ODCONA                                        (abs)        0028C
_ODCONAbits                                    (abs)        0028C
_OPTION_REGbits                                (abs)        00095
_OSCCON                                        (abs)        00099
_OSCILLATOR_Initialize                         text6        00192
_OSCTUNE                                       (abs)        00098
_PIE1bits                                      (abs)        00091
_PIN_MANAGER_Initialize                        text5        000CF
_PIR1bits                                      (abs)        00011
_PORTAbits                                     (abs)        0000C
_RCREG                                         (abs)        00199
_RCSTA                                         (abs)        0019D
_RCSTAbits                                     (abs)        0019D
_ReadLDR1                                      text20       000FE
_ReadLDR2                                      text19       000E7
_ReadPIR                                       text17       001BE
_SLRCONA                                       (abs)        0030C
_SPBRGH                                        (abs)        0019C
_SPBRGL                                        (abs)        0019B
_SYSTEM_Initialize                             text1        0013F
_T1CON                                         (abs)        00018
_T1CONbits                                     (abs)        00018
_T1GCON                                        (abs)        00019
_T1GCONbits                                    (abs)        00019
_TMR1H                                         (abs)        00017
_TMR1L                                         (abs)        00016
_TMR1_DefaultInterruptHandler                  text30       001D4
_TMR1_ISR                                      text28       00115
_TMR1_Initialize                               text3        000B7
_TMR1_InterruptHandler                         nvBANK0      00020
_TMR1_Reload                                   text14       0018A
_TMR1_SetInterruptHandler                      text4        001A0
_TMR1_StartTimer                               text13       001CB
_TMR1_StopTimer                                text26       001D1
_TMR1_WriteTimer                               text15       00152
_TRISA                                         (abs)        0008C
_TRISAbits                                     (abs)        0008C
_TXREG                                         (abs)        0019A
_TXSTA                                         (abs)        0019E
_TXSTAbits                                     (abs)        0019E
_WDTCON                                        (abs)        00097
_WDT_Initialize                                text2        001C3
_WPUA                                          (abs)        0020C
__H__absolute__                                __absolute__ 00000
__Habs1                                        abs1         00000
__Hbank0                                       bank0        00000
__Hbank1                                       bank1        00000
__Hbank10                                      bank10       00000
__Hbank11                                      bank11       00000
__Hbank12                                      bank12       00000
__Hbank13                                      bank13       00000
__Hbank14                                      bank14       00000
__Hbank15                                      bank15       00000
__Hbank16                                      bank16       00000
__Hbank17                                      bank17       00000
__Hbank18                                      bank18       00000
__Hbank19                                      bank19       00000
__Hbank2                                       bank2        00000
__Hbank20                                      bank20       00000
__Hbank21                                      bank21       00000
__Hbank22                                      bank22       00000
__Hbank23                                      bank23       00000
__Hbank24                                      bank24       00000
__Hbank25                                      bank25       00000
__Hbank26                                      bank26       00000
__Hbank27                                      bank27       00000
__Hbank28                                      bank28       00000
__Hbank29                                      bank29       00000
__Hbank3                                       bank3        00000
__Hbank30                                      bank30       00000
__Hbank31                                      bank31       00000
__Hbank4                                       bank4        00000
__Hbank5                                       bank5        00000
__Hbank6                                       bank6        00000
__Hbank7                                       bank7        00000
__Hbank8                                       bank8        00000
__Hbank9                                       bank9        00000
__Hbigram                                      bigram       00000
__HbssBANK0                                    bssBANK0     00000
__HbssCOMMON                                   bssCOMMON    00000
__Hcinit                                       cinit        00024
__Hclrtext                                     clrtext      00000
__Hcode                                        code         00000
__Hcommon                                      common       00000
__Hconfig                                      config       08009
__HcstackBANK0                                 cstackBANK0  00000
__HcstackCOMMON                                cstackCOMMON 00000
__Heeprom_data                                 eeprom_data  00000
__Hend_init                                    end_init     0001A
__Hfunctab                                     functab      00000
__Hheap                                        heap         00000
__Hidloc                                       idloc        08004
__Hinit                                        init         00019
__Hintentry                                    intentry     00019
__Hmaintext                                    maintext     00000
__HnvBANK0                                     nvBANK0      00000
__Hpowerup                                     powerup      00000
__Hram                                         ram          00000
__Hreset_vec                                   reset_vec    00001
__Hsfr0                                        sfr0         00000
__Hsfr1                                        sfr1         00000
__Hsfr10                                       sfr10        00000
__Hsfr11                                       sfr11        00000
__Hsfr12                                       sfr12        00000
__Hsfr13                                       sfr13        00000
__Hsfr14                                       sfr14        00000
__Hsfr15                                       sfr15        00000
__Hsfr16                                       sfr16        00000
__Hsfr17                                       sfr17        00000
__Hsfr18                                       sfr18        00000
__Hsfr19                                       sfr19        00000
__Hsfr2                                        sfr2         00000
__Hsfr20                                       sfr20        00000
__Hsfr21                                       sfr21        00000
__Hsfr22                                       sfr22        00000
__Hsfr23                                       sfr23        00000
__Hsfr24                                       sfr24        00000
__Hsfr25                                       sfr25        00000
__Hsfr26                                       sfr26        00000
__Hsfr27                                       sfr27        00000
__Hsfr28                                       sfr28        00000
__Hsfr29                                       sfr29        00000
__Hsfr3                                        sfr3         00000
__Hsfr30                                       sfr30        00000
__Hsfr31                                       sfr31        00000
__Hsfr4                                        sfr4         00000
__Hsfr5                                        sfr5         00000
__Hsfr6                                        sfr6         00000
__Hsfr7                                        sfr7         00000
__Hsfr8                                        sfr8         00000
__Hsfr9                                        sfr9         00000
__Hsivt                                        sivt         00019
__Hspace_0                                     (abs)        001D6
__Hspace_1                                     (abs)        0007B
__Hspace_2                                     (abs)        00000
__Hspace_3                                     (abs)        00000
__Hspace_4                                     (abs)        10010
__Hstack                                       stack        00000
__Hstrings                                     strings      00000
__Htext                                        text         00000
__L__absolute__                                __absolute__ 00000
__Labs1                                        abs1         00000
__Lbank0                                       bank0        00000
__Lbank1                                       bank1        00000
__Lbank10                                      bank10       00000
__Lbank11                                      bank11       00000
__Lbank12                                      bank12       00000
__Lbank13                                      bank13       00000
__Lbank14                                      bank14       00000
__Lbank15                                      bank15       00000
__Lbank16                                      bank16       00000
__Lbank17                                      bank17       00000
__Lbank18                                      bank18       00000
__Lbank19                                      bank19       00000
__Lbank2                                       bank2        00000
__Lbank20                                      bank20       00000
__Lbank21                                      bank21       00000
__Lbank22                                      bank22       00000
__Lbank23                                      bank23       00000
__Lbank24                                      bank24       00000
__Lbank25                                      bank25       00000
__Lbank26                                      bank26       00000
__Lbank27                                      bank27       00000
__Lbank28                                      bank28       00000
__Lbank29                                      bank29       00000
__Lbank3                                       bank3        00000
__Lbank30                                      bank30       00000
__Lbank31                                      bank31       00000
__Lbank4                                       bank4        00000
__Lbank5                                       bank5        00000
__Lbank6                                       bank6        00000
__Lbank7                                       bank7        00000
__Lbank8                                       bank8        00000
__Lbank9                                       bank9        00000
__Lbigram                                      bigram       00000
__LbssBANK0                                    bssBANK0     00000
__LbssCOMMON                                   bssCOMMON    00000
__Lcinit                                       cinit        0001A
__Lclrtext                                     clrtext      00000
__Lcode                                        code         00000
__Lcommon                                      common       00000
__Lconfig                                      config       00000
__LcstackBANK0                                 cstackBANK0  00000
__LcstackCOMMON                                cstackCOMMON 00000
__Leeprom_data                                 eeprom_data  00000
__Lend_init                                    end_init     00019
__Lfunctab                                     functab      00000
__Lheap                                        heap         00000
__Lidloc                                       idloc        00000
__Linit                                        init         00019
__Lintentry                                    intentry     00004
__Lmaintext                                    maintext     00000
__LnvBANK0                                     nvBANK0      00000
__Lpowerup                                     powerup      00000
__Lram                                         ram          00000
__Lreset_vec                                   reset_vec    00000
__Lsfr0                                        sfr0         00000
__Lsfr1                                        sfr1         00000
__Lsfr10                                       sfr10        00000
__Lsfr11                                       sfr11        00000
__Lsfr12                                       sfr12        00000
__Lsfr13                                       sfr13        00000
__Lsfr14                                       sfr14        00000
__Lsfr15                                       sfr15        00000
__Lsfr16                                       sfr16        00000
__Lsfr17                                       sfr17        00000
__Lsfr18                                       sfr18        00000
__Lsfr19                                       sfr19        00000
__Lsfr2                                        sfr2         00000
__Lsfr20                                       sfr20        00000
__Lsfr21                                       sfr21        00000
__Lsfr22                                       sfr22        00000
__Lsfr23                                       sfr23        00000
__Lsfr24                                       sfr24        00000
__Lsfr25                                       sfr25        00000
__Lsfr26                                       sfr26        00000
__Lsfr27                                       sfr27        00000
__Lsfr28                                       sfr28        00000
__Lsfr29                                       sfr29        00000
__Lsfr3                                        sfr3         00000
__Lsfr30                                       sfr30        00000
__Lsfr31                                       sfr31        00000
__Lsfr4                                        sfr4         00000
__Lsfr5                                        sfr5         00000
__Lsfr6                                        sfr6         00000
__Lsfr7                                        sfr7         00000
__Lsfr8                                        sfr8         00000
__Lsfr9                                        sfr9         00000
__Lsivt                                        sivt         00019
__Lspace_0                                     (abs)        00000
__Lspace_1                                     (abs)        00000
__Lspace_2                                     (abs)        00000
__Lspace_3                                     (abs)        00000
__Lspace_4                                     (abs)        00000
__Lstack                                       stack        00000
__Lstrings                                     strings      00000
__Ltext                                        text         00000
__S0                                           (abs)        001D6
__S1                                           (abs)        0007B
___heap_hi                                     (abs)        00000
___heap_lo                                     (abs)        00000
___int_sp                                      stack        00000
___int_stack_hi                                stack        00000
___int_stack_lo                                stack        00000
___latbits                                     (abs)        00000
___sp                                          stack        00000
___stack_hi                                    stack        00000
___stack_lo                                    stack        00000
___stackhi                                     (abs)        00000
___stacklo                                     (abs)        00000
__end_of_ADC1_GetConversionResult              text24       001BE
__end_of_ADC1_Initialize                       text11       0018A
__end_of_ADC1_IsConversionDone                 text23       001A0
__end_of_ADC1_SelectChannel                    text22       00181
__end_of_ADC1_StartConversion                  text21       001D1
__end_of_APP_Init                              text25       0013F
__end_of_APP_Task                              text12       00055
__end_of_EUSART_Initialize                     text7        0009E
__end_of_EUSART_SetErrorHandler                text10       001B8
__end_of_EUSART_SetFramingErrorHandler         text9        001B2
__end_of_EUSART_SetOverrunErrorHandler         text8        001AC
__end_of_INTERRUPT_InterruptManager            intentry     00019
__end_of_IsDarkCondition                       text18       0007C
__end_of_IsMotionDetected                      text16       001CB
__end_of_OSCILLATOR_Initialize                 text6        00199
__end_of_PIN_MANAGER_Initialize                text5        000E7
__end_of_ReadLDR1                              text20       00115
__end_of_ReadLDR2                              text19       000FE
__end_of_ReadPIR                               text17       001C3
__end_of_SYSTEM_Initialize                     text1        00152
__end_of_TMR1_DefaultInterruptHandler          text30       001D6
__end_of_TMR1_ISR                              text28       0012B
__end_of_TMR1_Initialize                       text3        000CF
__end_of_TMR1_Reload                           text14       00192
__end_of_TMR1_SetInterruptHandler              text4        001A6
__end_of_TMR1_StartTimer                       text13       001CE
__end_of_TMR1_StopTimer                        text26       001D4
__end_of_TMR1_WriteTimer                       text15       00163
__end_of_WDT_Initialize                        text2        001C7
__end_of__initialization                       cinit        00021
__end_of_main                                  maintext     000B7
__end_ofi1_TMR1_WriteTimer                     text29       00174
__initialization                               cinit        0001A
__pbssBANK0                                    bssBANK0     0002D
__pbssCOMMON                                   bssCOMMON    00078
__pcstackBANK0                                 cstackBANK0  00028
__pcstackCOMMON                                cstackCOMMON 00070
__pintentry                                    intentry     00004
__pmaintext                                    maintext     0009E
__pnvBANK0                                     nvBANK0      00020
__ptext1                                       text1        0013F
__ptext10                                      text10       001B2
__ptext11                                      text11       00181
__ptext12                                      text12       00024
__ptext13                                      text13       001CB
__ptext14                                      text14       0018A
__ptext15                                      text15       00152
__ptext16                                      text16       001C7
__ptext17                                      text17       001BE
__ptext18                                      text18       00055
__ptext19                                      text19       000E7
__ptext2                                       text2        001C3
__ptext20                                      text20       000FE
__ptext21                                      text21       001CE
__ptext22                                      text22       00174
__ptext23                                      text23       00199
__ptext24                                      text24       001B8
__ptext25                                      text25       0012B
__ptext26                                      text26       001D1
__ptext28                                      text28       00115
__ptext29                                      text29       00163
__ptext3                                       text3        000B7
__ptext30                                      text30       001D4
__ptext4                                       text4        001A0
__ptext5                                       text5        000CF
__ptext6                                       text6        00192
__ptext7                                       text7        0007C
__ptext8                                       text8        001A6
__ptext9                                       text9        001AC
_eusartRxLastError                             bssBANK0     0002F
_main                                          maintext     0009E
_timer1ReloadVal                               bssCOMMON    00078
btemp                                          (abs)        0007E
end_of_initialization                          cinit        00021
i1TMR1_WriteTimer@timerVal                     cstackCOMMON 00070
i1_TMR1_WriteTimer                             text29       00163
int$flags                                      (abs)        0007E
intlevel0                                      functab      00000
intlevel1                                      functab      00000
intlevel2                                      functab      00000
intlevel3                                      functab      00000
intlevel4                                      functab      00000
intlevel5                                      functab      00000
reset_vec                                      reset_vec    00000
start                                          init         00019
start_initialization                           cinit        0001A
wtemp0                                         (abs)        0007E


MODULE INFORMATION

Module		Function		Class		Link	Load	Size
mcc_generated_files/interrupt_manager.c
		_INTERRUPT_InterruptManager		CODE           	0004	0000	21

mcc_generated_files/interrupt_manager.c estimated size: 21

mcc_generated_files/adc1.c
		_ADC1_Initialize		CODE           	0181	0000	9
		_ADC1_SelectChannel		CODE           	0174	0000	13
		_ADC1_IsConversionDone		CODE           	0199	0000	7
		_ADC1_GetConversionResult		CODE           	01B8	0000	6
		_ADC1_StartConversion		CODE           	01CE	0000	3

mcc_generated_files/adc1.c estimated size: 38

mcc_generated_files/pin_manager.c
		_PIN_MANAGER_Initialize		CODE           	00CF	0000	24

mcc_generated_files/pin_manager.c estimated size: 24

service/sensor_service.c
		_IsDarkCondition		CODE           	0055	0000	39
		_IsMotionDetected		CODE           	01C7	0000	4

service/sensor_service.c estimated size: 43

shared
		__initialization		CODE           	001A	0000	7
		i1_TMR1_WriteTimer		CODE           	0163	0000	17

shared estimated size: 24

mcc_generated_files/mcc.c
		_WDT_Initialize		CODE           	01C3	0000	4
		_OSCILLATOR_Initialize		CODE           	0192	0000	7
		_SYSTEM_Initialize		CODE           	013F	0000	19

mcc_generated_files/mcc.c estimated size: 30

mcc_generated_files/tmr1.c
		_TMR1_Initialize		CODE           	00B7	0000	24
		_TMR1_SetInterruptHandler		CODE           	01A0	0000	6
		_TMR1_StopTimer		CODE           	01D1	0000	3
		_TMR1_Reload   		CODE           	018A	0000	8
		_TMR1_DefaultInterruptHandler		CODE           	01D4	0000	2
		_TMR1_WriteTimer		CODE           	0152	0000	17
		_TMR1_StartTimer		CODE           	01CB	0000	3
		_TMR1_ISR      		CODE           	0115	0000	22

mcc_generated_files/tmr1.c estimated size: 85

application/app.c
		_APP_Task      		CODE           	0024	0000	49
		_APP_Init      		CODE           	012B	0000	20

application/app.c estimated size: 69

mcc_generated_files/eusart.c
		_EUSART_Initialize		CODE           	007C	0000	34
		_EUSART_SetFramingErrorHandler		CODE           	01AC	0000	6
		_EUSART_SetErrorHandler		CODE           	01B2	0000	6
		_EUSART_SetOverrunErrorHandler		CODE           	01A6	0000	6

mcc_generated_files/eusart.c estimated size: 52

main.c
		_main          		CODE           	009E	0000	25

main.c estimated size: 25

hal/hal_sensor.c
		_ReadPIR       		CODE           	01BE	0000	5
		_ReadLDR1      		CODE           	00FE	0000	23
		_ReadLDR2      		CODE           	00E7	0000	23

hal/hal_sensor.c estimated size: 51

