Microchip MPLAB XC8 Compiler V3.00

Linker command line:

-W-3 --edf=C:\Users\Anurag\.mcc\pic\dat\20241204225717_en.msgs -cn \
  -h+dist/default/production\LDR_TC.X.production.sym \
  --cmf=dist/default/production\LDR_TC.X.production.cmf -z -Q12F1572 \
  -oC:\Users\Anurag\AppData\Local\Temp\xcBs4jk.1\driver_tmp_3.o \
  --defsym=__MPLAB_BUILD=1 --fixupoverflow=error \
  -Mdist/default/production/LDR_TC.X.production.map \
  --md=C:\Users\Anurag\AppData\Local\Temp\xcBs4jk.1\driver_tmp_0.dat -E1 \
  -ver=XC8 Compiler -ACODE=00h-07FFh -ASTRCODE=00h-07FFh \
  -ASTRING=00h-0FFhx8 -ACONST=00h-0FFhx8 -AENTRY=00h-0FFhx8 \
  -ACOMMON=070h-07Fh -ABANK0=020h-06Fh -ABANK1=0A0h-0EFh \
  -ABANK2=0120h-016Fh -ABIGRAM=02000h-020EFh \
  -ARAM=020h-06Fh,0A0h-0EFh,0120h-016Fh \
  -AABS1=020h-07Fh,0A0h-0EFh,0120h-016Fh -ASFR0=00h-01Fh -ASFR1=080h-09Fh \
  -ASFR2=0100h-011Fh -ASFR3=0180h-01EFh -ASFR4=0200h-026Fh \
  -ASFR5=0280h-02EFh -ASFR6=0300h-036Fh -ASFR7=0380h-03EFh \
  -ASFR8=0400h-046Fh -ASFR9=0480h-04EFh -ASFR10=0500h-056Fh \
  -ASFR11=0580h-05EFh -ASFR12=0600h-066Fh -ASFR13=0680h-06EFh \
  -ASFR14=0700h-076Fh -ASFR15=0780h-07EFh -ASFR16=0800h-086Fh \
  -ASFR17=0880h-08EFh -ASFR18=0900h-096Fh -ASFR19=0980h-09EFh \
  -ASFR20=0A00h-0A6Fh -ASFR21=0A80h-0AEFh -ASFR22=0B00h-0B6Fh \
  -ASFR23=0B80h-0BEFh -ASFR24=0C00h-0C6Fh -ASFR25=0C80h-0CEFh \
  -ASFR26=0D00h-0D6Fh -ASFR27=0D80h-0DEFh -ASFR28=0E00h-0E6Fh \
  -ASFR29=0E80h-0EEFh -ASFR30=0F00h-0F6Fh -ASFR31=0F80h-0FEFh \
  -ACONFIG=08007h-08008h -DCONFIG=2 -AIDLOC=08000h-08003h -DIDLOC=2 \
  -DCODE=2 -DSTRCODE=2 -DSTRING=2 -DCONST=2 -DENTRY=2 \
  -preset_vec=00h,intentry,sivt,init,end_init -ppowerup=CODE -pcinit=CODE \
  -pfunctab=ENTRY -k \
  C:\Users\Anurag\AppData\Local\Temp\xcBs4jk.1\driver_tmp_12.o \
  dist/default/production\LDR_TC.X.production.o 

Object code version is 3.11

Machine type is 12F1572



                Name                               Link     Load   Length Selector   Space Scale
C:\Users\Anurag\AppData\Local\Temp\xcBs4jk.1\driver_tmp_12.o
                end_init                              1        1        1        0       0
                reset_vec                             0        0        1        0       0
                config                             8007     8007        2        0       4
                idloc                              8000     8000        4        0       5
dist/default/production\LDR_TC.X.production.o
                cinit                               7F5      7F5        B      FEA       0
                config                             8007     8007        2        0       4
                idloc                              8000     8000        4        0       5
                text26                               63       63        6       C6       0
                text25                               69       69        6       D2       0
                text24                               6F       6F        6       DE       0
                text23                              1F8      1F8       22      3F0       0
                text22                               94       94        F      128       0
                text21                               75       75        7       EA       0
                text20                              1A0      1A0       1A      340       0
                text19                               5B       5B        4       B6       0
                text18                              18D      18D       13      31A       0
                text17                              6DE      6DE       46      DBC       0
                text16                               7C       7C        A       F8       0
                text15                               5F       5F        4       BE       0
                text14                              1BA      1BA       1F      374       0
                text13                              3A1      3A1       2F      742       0
                text12                              3D0      3D0       2F      7A0       0
                text11                              3FF      3FF       2F      7FE       0
                text10                              42E      42E       2F      85C       0
                text9                               45D      45D       2F      8BA       0
                text8                               48C      48C       2F      918       0
                text7                               4BB      4BB       2F      976       0
                text6                               4EA      4EA       2F      9D4       0
                text5                               69D      69D       41      D3A       0
                text4                               519      519       2F      A32       0
                text3                               548      548       2F      A90       0
                text2                               577      577       2F      AEE       0
                text1                               5A6      5A6       2F      B4C       0
                maintext                            724      724       D1      E48       0
                cstackBANK0                          2E       2E        5       20       1
                cstackCOMMON                         70       70        E       70       1
                bssBANK0                             20       20        8       20       1
                stringtext28                         86       86        E      10C       0
                stringtext27                         A3       A3       12      146       0
                stringtext26                         B5       B5       12      16A       0
                stringtext25                         C7       C7       12      18E       0
                stringtext24                         D9       D9       12      1B2       0
                stringtext23                         EB       EB       12      1D6       0
                stringtext22                         FD       FD       12      1FA       0
                stringtext21                        10F      10F       12      21E       0
                stringtext20                        121      121       12      242       0
                stringtext19                        133      133       12      266       0
                stringtext18                        145      145       12      28A       0
                stringtext17                        157      157       12      2AE       0
                stringtext16                        169      169       12      2D2       0
                stringtext15                        17B      17B       12      2F6       0
                stringtext14                        1D9      1D9       1F      3B2       0
                stringtext13                        21A      21A       28      434       0
                stringtext12                        242      242       2A      484       0
                stringtext11                        26C      26C       2B      4D8       0
                stringtext10                        297      297       2B      52E       0
                stringtext9                         2C2      2C2       2C      584       0
                stringtext8                         2EE      2EE       2C      5DC       0
                stringtext7                         31A      31A       2C      634       0
                stringtext6                         346      346       2D      68C       0
                stringtext5                         373      373       2E      6E6       0
                stringtext4                         5D5      5D5       2F      BAA       0
                stringtext3                         604      604       30      C08       0
                stringtext2                         634      634       31      C68       0
                stringtext1                         665      665       38      CCA       0
                nvBANK0                              28       28        6       20       1

TOTAL           Name                               Link     Load   Length     Space
        CLASS   CODE           
                end_init                              1        1        1         0
                cinit                               7F5      7F5        B         0
                reset_vec                             0        0        1         0
                text26                               63       63        6         0
                text25                               69       69        6         0
                text24                               6F       6F        6         0
                text23                              1F8      1F8       22         0
                text22                               94       94        F         0
                text21                               75       75        7         0
                text20                              1A0      1A0       1A         0
                text19                               5B       5B        4         0
                text18                              18D      18D       13         0
                text17                              6DE      6DE       46         0
                text16                               7C       7C        A         0
                text15                               5F       5F        4         0
                text14                              1BA      1BA       1F         0
                text13                              3A1      3A1       2F         0
                text12                              3D0      3D0       2F         0
                text11                              3FF      3FF       2F         0
                text10                              42E      42E       2F         0
                text9                               45D      45D       2F         0
                text8                               48C      48C       2F         0
                text7                               4BB      4BB       2F         0
                text6                               4EA      4EA       2F         0
                text5                               69D      69D       41         0
                text4                               519      519       2F         0
                text3                               548      548       2F         0
                text2                               577      577       2F         0
                text1                               5A6      5A6       2F         0
                maintext                            724      724       D1         0

        CLASS   STRCODE        
                stringtext28                         86       86        E         0
                stringtext27                         A3       A3       12         0
                stringtext26                         B5       B5       12         0
                stringtext25                         C7       C7       12         0
                stringtext24                         D9       D9       12         0
                stringtext23                         EB       EB       12         0
                stringtext22                         FD       FD       12         0
                stringtext21                        10F      10F       12         0
                stringtext20                        121      121       12         0
                stringtext19                        133      133       12         0
                stringtext18                        145      145       12         0
                stringtext17                        157      157       12         0
                stringtext16                        169      169       12         0
                stringtext15                        17B      17B       12         0
                stringtext14                        1D9      1D9       1F         0
                stringtext13                        21A      21A       28         0
                stringtext12                        242      242       2A         0
                stringtext11                        26C      26C       2B         0
                stringtext10                        297      297       2B         0
                stringtext9                         2C2      2C2       2C         0
                stringtext8                         2EE      2EE       2C         0
                stringtext7                         31A      31A       2C         0
                stringtext6                         346      346       2D         0
                stringtext5                         373      373       2E         0
                stringtext4                         5D5      5D5       2F         0
                stringtext3                         604      604       30         0
                stringtext2                         634      634       31         0
                stringtext1                         665      665       38         0

        CLASS   STRING         

        CLASS   CONST          

        CLASS   ENTRY          

        CLASS   COMMON         
                cstackCOMMON                         70       70        E         1

        CLASS   BANK0          
                cstackBANK0                          2E       2E        5         1
                bssBANK0                             20       20        8         1
                nvBANK0                              28       28        6         1

        CLASS   BANK1          

        CLASS   BANK2          

        CLASS   BIGRAM         

        CLASS   RAM            

        CLASS   ABS1           
                abs_s1                               7E       7E        2         1

        CLASS   SFR0           

        CLASS   SFR1           

        CLASS   SFR2           

        CLASS   SFR3           

        CLASS   SFR4           

        CLASS   SFR5           

        CLASS   SFR6           

        CLASS   SFR7           

        CLASS   SFR8           

        CLASS   SFR9           

        CLASS   SFR10          

        CLASS   SFR11          

        CLASS   SFR12          

        CLASS   SFR13          

        CLASS   SFR14          

        CLASS   SFR15          

        CLASS   SFR16          

        CLASS   SFR17          

        CLASS   SFR18          

        CLASS   SFR19          

        CLASS   SFR20          

        CLASS   SFR21          

        CLASS   SFR22          

        CLASS   SFR23          

        CLASS   SFR24          

        CLASS   SFR25          

        CLASS   SFR26          

        CLASS   SFR27          

        CLASS   SFR28          

        CLASS   SFR29          

        CLASS   SFR30          

        CLASS   SFR31          

        CLASS   CONFIG         
                config                             8007     8007        2         4

        CLASS   IDLOC          
                idloc                              8000     8000        4         5

        CLASS   BANK31         

        CLASS   BANK30         

        CLASS   BANK29         

        CLASS   BANK28         

        CLASS   BANK27         

        CLASS   BANK26         

        CLASS   BANK25         

        CLASS   BANK24         

        CLASS   BANK23         

        CLASS   BANK22         

        CLASS   BANK21         

        CLASS   BANK20         

        CLASS   BANK19         

        CLASS   BANK18         

        CLASS   BANK17         

        CLASS   BANK16         

        CLASS   BANK15         

        CLASS   BANK14         

        CLASS   BANK13         

        CLASS   BANK12         

        CLASS   BANK11         

        CLASS   BANK10         

        CLASS   BANK9          

        CLASS   BANK8          

        CLASS   BANK7          

        CLASS   BANK6          

        CLASS   BANK5          

        CLASS   BANK4          

        CLASS   BANK3          

        CLASS   HEAP           

        CLASS   STACK          

        CLASS   EEDATA         



SEGMENTS        Name                           Load    Length   Top    Selector   Space  Class     Delta

                reset_vec                      000000  000002  000002         0       0  CODE        2
                bssBANK0                       000020  000013  000033        20       1  BANK0       1
                cstackCOMMON                   000070  00000E  00007E        70       1  COMMON      1
                text19                         00005B  000004  00005F        B6       0  CODE        2
                text15                         00005F  000004  000063        BE       0  CODE        2
                text26                         000063  000006  000069        C6       0  CODE        2
                text25                         000069  000006  00006F        D2       0  CODE        2
                text24                         00006F  000006  000075        DE       0  CODE        2
                text21                         000075  000007  00007C        EA       0  CODE        2
                text16                         00007C  00000A  000086        F8       0  CODE        2
                stringtext28                   000086  00000E  000094       10C       0  STRCODE     2
                text22                         000094  00000F  0000A3       128       0  CODE        2
                stringtext27                   0000A3  000012  0000B5       146       0  STRCODE     2
                stringtext26                   0000B5  000012  0000C7       16A       0  STRCODE     2
                stringtext25                   0000C7  000012  0000D9       18E       0  STRCODE     2
                stringtext24                   0000D9  000012  0000EB       1B2       0  STRCODE     2
                stringtext23                   0000EB  000012  0000FD       1D6       0  STRCODE     2
                stringtext22                   0000FD  000012  00010F       1FA       0  STRCODE     2
                stringtext21                   00010F  000012  000121       21E       0  STRCODE     2
                stringtext20                   000121  000012  000133       242       0  STRCODE     2
                stringtext19                   000133  000012  000145       266       0  STRCODE     2
                stringtext18                   000145  000012  000157       28A       0  STRCODE     2
                stringtext17                   000157  000012  000169       2AE       0  STRCODE     2
                stringtext16                   000169  000012  00017B       2D2       0  STRCODE     2
                stringtext15                   00017B  000012  00018D       2F6       0  STRCODE     2
                text18                         00018D  000013  0001A0       31A       0  CODE        2
                text20                         0001A0  00001A  0001BA       340       0  CODE        2
                text14                         0001BA  00001F  0001D9       374       0  CODE        2
                stringtext14                   0001D9  00001F  0001F8       3B2       0  STRCODE     2
                text23                         0001F8  000022  00021A       3F0       0  CODE        2
                stringtext13                   00021A  000028  000242       434       0  STRCODE     2
                stringtext12                   000242  00002A  00026C       484       0  STRCODE     2
                stringtext11                   00026C  00002B  000297       4D8       0  STRCODE     2
                stringtext10                   000297  00002B  0002C2       52E       0  STRCODE     2
                stringtext9                    0002C2  00002C  0002EE       584       0  STRCODE     2
                stringtext8                    0002EE  00002C  00031A       5DC       0  STRCODE     2
                stringtext7                    00031A  00002C  000346       634       0  STRCODE     2
                stringtext6                    000346  00002D  000373       68C       0  STRCODE     2
                stringtext5                    000373  00002E  0003A1       6E6       0  STRCODE     2
                text13                         0003A1  00002F  0003D0       742       0  CODE        2
                text12                         0003D0  00002F  0003FF       7A0       0  CODE        2
                text11                         0003FF  00002F  00042E       7FE       0  CODE        2
                text10                         00042E  00002F  00045D       85C       0  CODE        2
                text9                          00045D  00002F  00048C       8BA       0  CODE        2
                text8                          00048C  00002F  0004BB       918       0  CODE        2
                text7                          0004BB  00002F  0004EA       976       0  CODE        2
                text6                          0004EA  00002F  000519       9D4       0  CODE        2
                text4                          000519  00002F  000548       A32       0  CODE        2
                text3                          000548  00002F  000577       A90       0  CODE        2
                text2                          000577  00002F  0005A6       AEE       0  CODE        2
                text1                          0005A6  00002F  0005D5       B4C       0  CODE        2
                stringtext4                    0005D5  00002F  000604       BAA       0  STRCODE     2
                stringtext3                    000604  000030  000634       C08       0  STRCODE     2
                stringtext2                    000634  000031  000665       C68       0  STRCODE     2
                stringtext1                    000665  000038  00069D       CCA       0  STRCODE     2
                text5                          00069D  000041  0006DE       D3A       0  CODE        2
                text17                         0006DE  000046  000724       DBC       0  CODE        2
                maintext                       000724  0000D1  0007F5       E48       0  CODE        2
                cinit                          0007F5  00000B  000800       FEA       0  CODE        2


UNUSED ADDRESS RANGES

        Name                Unused          Largest block    Delta
        BANK0            00033-0006F              3D           1
        BANK1            000A0-000EF              50           1
        BANK2            00120-0016F              50           1
        BIGRAM           02000-020EF              F0           1
        CODE             00002-0005A              59           2
        CONST            00002-0005A              59           2
        ENTRY            00002-0005A              59           2
        RAM              00033-0006F              3D           1
                         000A0-000EF              50
                         00120-0016F              50
        SFR0             00000-0001F              20           1
        SFR1             00080-0009F              20           1
        SFR10            00500-0056F              70           1
        SFR11            00580-005EF              70           1
        SFR12            00600-0066F              70           1
        SFR13            00680-006EF              70           1
        SFR14            00700-0076F              70           1
        SFR15            00780-007EF              70           1
        SFR16            00800-0086F              70           1
        SFR17            00880-008EF              70           1
        SFR18            00900-0096F              70           1
        SFR19            00980-009EF              70           1
        SFR2             00100-0011F              20           1
        SFR20            00A00-00A6F              70           1
        SFR21            00A80-00AEF              70           1
        SFR22            00B00-00B6F              70           1
        SFR23            00B80-00BEF              70           1
        SFR24            00C00-00C6F              70           1
        SFR25            00C80-00CEF              70           1
        SFR26            00D00-00D6F              70           1
        SFR27            00D80-00DEF              70           1
        SFR28            00E00-00E6F              70           1
        SFR29            00E80-00EEF              70           1
        SFR3             00180-001EF              70           1
        SFR30            00F00-00F6F              70           1
        SFR31            00F80-00FEF              70           1
        SFR4             00200-0026F              70           1
        SFR5             00280-002EF              70           1
        SFR6             00300-0036F              70           1
        SFR7             00380-003EF              70           1
        SFR8             00400-0046F              70           1
        SFR9             00480-004EF              70           1
        STRCODE          00002-0005A              59           2
        STRING           00002-0005A              59           2

                                  Symbol Table

ADC_Compare@a                                  cstackCOMMON 00070
ADC_Compare@b                                  cstackCOMMON 00072
ADC_Compare@tol                                cstackCOMMON 00074
EUSART_SetErrorHandler@interruptHandler        cstackCOMMON 00070
EUSART_SetFramingErrorHandler@interruptHandler cstackCOMMON 00070
EUSART_SetOverrunErrorHandler@interruptHandler cstackCOMMON 00070
EUSART_Write@txData                            cstackCOMMON 00070
UART_SendString@str                            cstackCOMMON 00071
_ADC_Compare                                   text17       006DE
_ADC_Compare$156                               cstackCOMMON 0007A
_ANSELA                                        (abs)        0018C
_APFCON                                        (abs)        0011D
_BAUDCON                                       (abs)        0019F
_BORCON                                        (abs)        00116
_EUSART_DefaultErrorHandler                    (abs)        00000
_EUSART_DefaultFramingErrorHandler             (abs)        00000
_EUSART_DefaultOverrunErrorHandler             (abs)        00000
_EUSART_ErrorHandler                           nvBANK0      00028
_EUSART_FramingErrorHandler                    nvBANK0      0002C
_EUSART_Initialize                             text23       001F8
_EUSART_OverrunErrorHandler                    nvBANK0      0002A
_EUSART_Read                                   text22       00094
_EUSART_SetErrorHandler                        text26       00063
_EUSART_SetFramingErrorHandler                 text25       00069
_EUSART_SetOverrunErrorHandler                 text24       0006F
_EUSART_Write                                  text16       0007C
_EUSART_is_tx_done                             text15       0005F
_INLVLA                                        (abs)        0038C
_LATAbits                                      (abs)        0010C
_LDR1_Value                                    bssBANK0     00025
_LDR2_Value                                    bssBANK0     00023
_ODCONA                                        (abs)        0028C
_OPTION_REGbits                                (abs)        00095
_OSCCON                                        (abs)        00099
_OSCILLATOR_Initialize                         text21       00075
_OSCTUNE                                       (abs)        00098
_PIR1bits                                      (abs)        00011
_PORT_Initialize                               text20       001A0
_RCREG                                         (abs)        00199
_RCSTA                                         (abs)        0019D
_RCSTAbits                                     (abs)        0019D
_SLRCONA                                       (abs)        0030C
_SPBRGH                                        (abs)        0019C
_SPBRGL                                        (abs)        0019B
_TRISAbits                                     (abs)        0008C
_TXREG                                         (abs)        0019A
_TXSTA                                         (abs)        0019E
_TXSTAbits                                     (abs)        0019E
_UART_SendString                               text14       001BA
_WDTCON                                        (abs)        00097
_WDT_Initialize                                text19       0005B
_WPUA                                          (abs)        0020C
__H__absolute__                                __absolute__ 00000
__Habs1                                        abs1         00000
__Hbank0                                       bank0        00000
__Hbank1                                       bank1        00000
__Hbank10                                      bank10       00000
__Hbank11                                      bank11       00000
__Hbank12                                      bank12       00000
__Hbank13                                      bank13       00000
__Hbank14                                      bank14       00000
__Hbank15                                      bank15       00000
__Hbank16                                      bank16       00000
__Hbank17                                      bank17       00000
__Hbank18                                      bank18       00000
__Hbank19                                      bank19       00000
__Hbank2                                       bank2        00000
__Hbank20                                      bank20       00000
__Hbank21                                      bank21       00000
__Hbank22                                      bank22       00000
__Hbank23                                      bank23       00000
__Hbank24                                      bank24       00000
__Hbank25                                      bank25       00000
__Hbank26                                      bank26       00000
__Hbank27                                      bank27       00000
__Hbank28                                      bank28       00000
__Hbank29                                      bank29       00000
__Hbank3                                       bank3        00000
__Hbank30                                      bank30       00000
__Hbank31                                      bank31       00000
__Hbank4                                       bank4        00000
__Hbank5                                       bank5        00000
__Hbank6                                       bank6        00000
__Hbank7                                       bank7        00000
__Hbank8                                       bank8        00000
__Hbank9                                       bank9        00000
__Hbigram                                      bigram       00000
__HbssBANK0                                    bssBANK0     00000
__Hcinit                                       cinit        00800
__Hclrtext                                     clrtext      00000
__Hcode                                        code         00000
__Hcommon                                      common       00000
__Hconfig                                      config       08009
__HcstackBANK0                                 cstackBANK0  00000
__HcstackCOMMON                                cstackCOMMON 00000
__Heeprom_data                                 eeprom_data  00000
__Hend_init                                    end_init     00002
__Hfunctab                                     functab      00000
__Hheap                                        heap         00000
__Hidloc                                       idloc        08004
__Hinit                                        init         00001
__Hintentry                                    intentry     00001
__Hmaintext                                    maintext     00000
__HnvBANK0                                     nvBANK0      00000
__Hpowerup                                     powerup      00000
__Hram                                         ram          00000
__Hreset_vec                                   reset_vec    00001
__Hsfr0                                        sfr0         00000
__Hsfr1                                        sfr1         00000
__Hsfr10                                       sfr10        00000
__Hsfr11                                       sfr11        00000
__Hsfr12                                       sfr12        00000
__Hsfr13                                       sfr13        00000
__Hsfr14                                       sfr14        00000
__Hsfr15                                       sfr15        00000
__Hsfr16                                       sfr16        00000
__Hsfr17                                       sfr17        00000
__Hsfr18                                       sfr18        00000
__Hsfr19                                       sfr19        00000
__Hsfr2                                        sfr2         00000
__Hsfr20                                       sfr20        00000
__Hsfr21                                       sfr21        00000
__Hsfr22                                       sfr22        00000
__Hsfr23                                       sfr23        00000
__Hsfr24                                       sfr24        00000
__Hsfr25                                       sfr25        00000
__Hsfr26                                       sfr26        00000
__Hsfr27                                       sfr27        00000
__Hsfr28                                       sfr28        00000
__Hsfr29                                       sfr29        00000
__Hsfr3                                        sfr3         00000
__Hsfr30                                       sfr30        00000
__Hsfr31                                       sfr31        00000
__Hsfr4                                        sfr4         00000
__Hsfr5                                        sfr5         00000
__Hsfr6                                        sfr6         00000
__Hsfr7                                        sfr7         00000
__Hsfr8                                        sfr8         00000
__Hsfr9                                        sfr9         00000
__Hsivt                                        sivt         00001
__Hspace_0                                     (abs)        00800
__Hspace_1                                     (abs)        0007E
__Hspace_2                                     (abs)        00000
__Hspace_3                                     (abs)        00000
__Hspace_4                                     (abs)        10010
__Hstack                                       stack        00000
__Hstrings                                     strings      00000
__Hstringtext1                                 stringtext1  00000
__Hstringtext10                                stringtext10 00000
__Hstringtext11                                stringtext11 00000
__Hstringtext12                                stringtext12 00000
__Hstringtext13                                stringtext13 00000
__Hstringtext14                                stringtext14 00000
__Hstringtext15                                stringtext15 00000
__Hstringtext16                                stringtext16 00000
__Hstringtext17                                stringtext17 00000
__Hstringtext18                                stringtext18 00000
__Hstringtext19                                stringtext19 00000
__Hstringtext2                                 stringtext2  00000
__Hstringtext20                                stringtext20 00000
__Hstringtext21                                stringtext21 00000
__Hstringtext22                                stringtext22 00000
__Hstringtext23                                stringtext23 00000
__Hstringtext24                                stringtext24 00000
__Hstringtext25                                stringtext25 00000
__Hstringtext26                                stringtext26 00000
__Hstringtext27                                stringtext27 00000
__Hstringtext28                                stringtext28 00000
__Hstringtext29                                stringtext29 00000
__Hstringtext3                                 stringtext3  00000
__Hstringtext4                                 stringtext4  00000
__Hstringtext5                                 stringtext5  00000
__Hstringtext6                                 stringtext6  00000
__Hstringtext7                                 stringtext7  00000
__Hstringtext8                                 stringtext8  00000
__Hstringtext9                                 stringtext9  00000
__Htext                                        text         00000
__L__absolute__                                __absolute__ 00000
__Labs1                                        abs1         00000
__Lbank0                                       bank0        00000
__Lbank1                                       bank1        00000
__Lbank10                                      bank10       00000
__Lbank11                                      bank11       00000
__Lbank12                                      bank12       00000
__Lbank13                                      bank13       00000
__Lbank14                                      bank14       00000
__Lbank15                                      bank15       00000
__Lbank16                                      bank16       00000
__Lbank17                                      bank17       00000
__Lbank18                                      bank18       00000
__Lbank19                                      bank19       00000
__Lbank2                                       bank2        00000
__Lbank20                                      bank20       00000
__Lbank21                                      bank21       00000
__Lbank22                                      bank22       00000
__Lbank23                                      bank23       00000
__Lbank24                                      bank24       00000
__Lbank25                                      bank25       00000
__Lbank26                                      bank26       00000
__Lbank27                                      bank27       00000
__Lbank28                                      bank28       00000
__Lbank29                                      bank29       00000
__Lbank3                                       bank3        00000
__Lbank30                                      bank30       00000
__Lbank31                                      bank31       00000
__Lbank4                                       bank4        00000
__Lbank5                                       bank5        00000
__Lbank6                                       bank6        00000
__Lbank7                                       bank7        00000
__Lbank8                                       bank8        00000
__Lbank9                                       bank9        00000
__Lbigram                                      bigram       00000
__LbssBANK0                                    bssBANK0     00000
__Lcinit                                       cinit        007F5
__Lclrtext                                     clrtext      00000
__Lcode                                        code         00000
__Lcommon                                      common       00000
__Lconfig                                      config       00000
__LcstackBANK0                                 cstackBANK0  00000
__LcstackCOMMON                                cstackCOMMON 00000
__Leeprom_data                                 eeprom_data  00000
__Lend_init                                    end_init     00001
__Lfunctab                                     functab      00000
__Lheap                                        heap         00000
__Lidloc                                       idloc        00000
__Linit                                        init         00001
__Lintentry                                    intentry     00001
__Lmaintext                                    maintext     00000
__LnvBANK0                                     nvBANK0      00000
__Lpowerup                                     powerup      00000
__Lram                                         ram          00000
__Lreset_vec                                   reset_vec    00000
__Lsfr0                                        sfr0         00000
__Lsfr1                                        sfr1         00000
__Lsfr10                                       sfr10        00000
__Lsfr11                                       sfr11        00000
__Lsfr12                                       sfr12        00000
__Lsfr13                                       sfr13        00000
__Lsfr14                                       sfr14        00000
__Lsfr15                                       sfr15        00000
__Lsfr16                                       sfr16        00000
__Lsfr17                                       sfr17        00000
__Lsfr18                                       sfr18        00000
__Lsfr19                                       sfr19        00000
__Lsfr2                                        sfr2         00000
__Lsfr20                                       sfr20        00000
__Lsfr21                                       sfr21        00000
__Lsfr22                                       sfr22        00000
__Lsfr23                                       sfr23        00000
__Lsfr24                                       sfr24        00000
__Lsfr25                                       sfr25        00000
__Lsfr26                                       sfr26        00000
__Lsfr27                                       sfr27        00000
__Lsfr28                                       sfr28        00000
__Lsfr29                                       sfr29        00000
__Lsfr3                                        sfr3         00000
__Lsfr30                                       sfr30        00000
__Lsfr31                                       sfr31        00000
__Lsfr4                                        sfr4         00000
__Lsfr5                                        sfr5         00000
__Lsfr6                                        sfr6         00000
__Lsfr7                                        sfr7         00000
__Lsfr8                                        sfr8         00000
__Lsfr9                                        sfr9         00000
__Lsivt                                        sivt         00001
__Lspace_0                                     (abs)        00000
__Lspace_1                                     (abs)        00000
__Lspace_2                                     (abs)        00000
__Lspace_3                                     (abs)        00000
__Lspace_4                                     (abs)        00000
__Lstack                                       stack        00000
__Lstrings                                     strings      00000
__Lstringtext1                                 stringtext1  00000
__Lstringtext10                                stringtext10 00000
__Lstringtext11                                stringtext11 00000
__Lstringtext12                                stringtext12 00000
__Lstringtext13                                stringtext13 00000
__Lstringtext14                                stringtext14 00000
__Lstringtext15                                stringtext15 00000
__Lstringtext16                                stringtext16 00000
__Lstringtext17                                stringtext17 00000
__Lstringtext18                                stringtext18 00000
__Lstringtext19                                stringtext19 00000
__Lstringtext2                                 stringtext2  00000
__Lstringtext20                                stringtext20 00000
__Lstringtext21                                stringtext21 00000
__Lstringtext22                                stringtext22 00000
__Lstringtext23                                stringtext23 00000
__Lstringtext24                                stringtext24 00000
__Lstringtext25                                stringtext25 00000
__Lstringtext26                                stringtext26 00000
__Lstringtext27                                stringtext27 00000
__Lstringtext28                                stringtext28 00000
__Lstringtext29                                stringtext29 00000
__Lstringtext3                                 stringtext3  00000
__Lstringtext4                                 stringtext4  00000
__Lstringtext5                                 stringtext5  00000
__Lstringtext6                                 stringtext6  00000
__Lstringtext7                                 stringtext7  00000
__Lstringtext8                                 stringtext8  00000
__Lstringtext9                                 stringtext9  00000
__Ltext                                        text         00000
__S0                                           (abs)        00800
__S1                                           (abs)        0007E
___bmul                                        text18       0018D
___bmul@multiplicand                           cstackCOMMON 00070
___bmul@multiplier                             cstackCOMMON 00072
___bmul@product                                cstackCOMMON 00071
___heap_hi                                     (abs)        00000
___heap_lo                                     (abs)        00000
___int_sp                                      stack        00000
___int_stack_hi                                stack        00000
___int_stack_lo                                stack        00000
___latbits                                     (abs)        00000
___sp                                          stack        00000
___stack_hi                                    stack        00000
___stack_lo                                    stack        00000
___stackhi                                     (abs)        00000
___stacklo                                     (abs)        00000
__end_of_ADC_Compare                           text17       00724
__end_of_EUSART_Initialize                     text23       0021A
__end_of_EUSART_Read                           text22       000A3
__end_of_EUSART_SetErrorHandler                text26       00069
__end_of_EUSART_SetFramingErrorHandler         text25       0006F
__end_of_EUSART_SetOverrunErrorHandler         text24       00075
__end_of_EUSART_Write                          text16       00086
__end_of_EUSART_is_tx_done                     text15       00063
__end_of_OSCILLATOR_Initialize                 text21       0007C
__end_of_PORT_Initialize                       text20       001BA
__end_of_UART_SendString                       text14       001D9
__end_of_WDT_Initialize                        text19       0005F
__end_of___bmul                                text18       001A0
__end_of__initialization                       cinit        007FE
__end_of_main                                  maintext     007F5
__end_of_test_LDR1_bright_LDR2_dark            text13       003D0
__end_of_test_LDR1_dark_LDR2_bright            text12       003FF
__end_of_test_LDR_both_bright                  text11       0042E
__end_of_test_LDR_both_dark                    text10       0045D
__end_of_test_LDR_calibration_drift            text9        0048C
__end_of_test_LDR_darkness_trigger_logic       text8        004BB
__end_of_test_LDR_equal_light                  text7        004EA
__end_of_test_LDR_faulty_sensor                text6        00519
__end_of_test_LDR_fixed_vs_changing            text5        006DE
__end_of_test_LDR_gradual_light_change         text4        00548
__end_of_test_LDR_intermittent_light           text3        00577
__end_of_test_LDR_noise_tolerance              text2        005A6
__end_of_test_LDR_one_obstructed               text1        005D5
__initialization                               cinit        007F5
__pbssBANK0                                    bssBANK0     00020
__pcstackBANK0                                 cstackBANK0  0002E
__pcstackCOMMON                                cstackCOMMON 00070
__pmaintext                                    maintext     00724
__pnvBANK0                                     nvBANK0      00028
__pstringtext1                                 stringtext1  00665
__pstringtext10                                stringtext10 00297
__pstringtext11                                stringtext11 0026C
__pstringtext12                                stringtext12 00242
__pstringtext13                                stringtext13 0021A
__pstringtext14                                stringtext14 001D9
__pstringtext15                                stringtext15 0017B
__pstringtext16                                stringtext16 00169
__pstringtext17                                stringtext17 00157
__pstringtext18                                stringtext18 00145
__pstringtext19                                stringtext19 00133
__pstringtext2                                 stringtext2  00634
__pstringtext20                                stringtext20 00121
__pstringtext21                                stringtext21 0010F
__pstringtext22                                stringtext22 000FD
__pstringtext23                                stringtext23 000EB
__pstringtext24                                stringtext24 000D9
__pstringtext25                                stringtext25 000C7
__pstringtext26                                stringtext26 000B5
__pstringtext27                                stringtext27 000A3
__pstringtext28                                stringtext28 00086
__pstringtext29                                stringtext29 00000
__pstringtext3                                 stringtext3  00604
__pstringtext4                                 stringtext4  005D5
__pstringtext5                                 stringtext5  00373
__pstringtext6                                 stringtext6  00346
__pstringtext7                                 stringtext7  0031A
__pstringtext8                                 stringtext8  002EE
__pstringtext9                                 stringtext9  002C2
__ptext1                                       text1        005A6
__ptext10                                      text10       0042E
__ptext11                                      text11       003FF
__ptext12                                      text12       003D0
__ptext13                                      text13       003A1
__ptext14                                      text14       001BA
__ptext15                                      text15       0005F
__ptext16                                      text16       0007C
__ptext17                                      text17       006DE
__ptext18                                      text18       0018D
__ptext19                                      text19       0005B
__ptext2                                       text2        00577
__ptext20                                      text20       001A0
__ptext21                                      text21       00075
__ptext22                                      text22       00094
__ptext23                                      text23       001F8
__ptext24                                      text24       0006F
__ptext25                                      text25       00069
__ptext26                                      text26       00063
__ptext3                                       text3        00548
__ptext4                                       text4        00519
__ptext5                                       text5        0069D
__ptext6                                       text6        004EA
__ptext7                                       text7        004BB
__ptext8                                       text8        0048C
__ptext9                                       text9        0045D
_eusartRxLastError                             bssBANK0     00027
_main                                          maintext     00724
_test_LDR1_bright_LDR2_dark                    text13       003A1
_test_LDR1_dark_LDR2_bright                    text12       003D0
_test_LDR_both_bright                          text11       003FF
_test_LDR_both_dark                            text10       0042E
_test_LDR_calibration_drift                    text9        0045D
_test_LDR_darkness_trigger_logic               text8        0048C
_test_LDR_equal_light                          text7        004BB
_test_LDR_faulty_sensor                        text6        004EA
_test_LDR_fixed_vs_changing                    text5        0069D
_test_LDR_gradual_light_change                 text4        00519
_test_LDR_intermittent_light                   text3        00548
_test_LDR_noise_tolerance                      text2        00577
_test_LDR_one_obstructed                       text1        005A6
btemp                                          (abs)        0007E
end_of_initialization                          cinit        007FE
intlevel0                                      functab      00000
intlevel1                                      functab      00000
intlevel2                                      functab      00000
intlevel3                                      functab      00000
intlevel4                                      functab      00000
intlevel5                                      functab      00000
main@TestcaseSel                               cstackBANK0  0002E
main@index                                     cstackBANK0  00032
main@rxdata                                    cstackBANK0  0002F
reset_vec                                      reset_vec    00000
start                                          init         00001
start_initialization                           cinit        007F5
test_LDR_fixed_vs_changing@i                   cstackCOMMON 0007C
wtemp0                                         (abs)        0007E


MODULE INFORMATION

Module		Function		Class		Link	Load	Size
eusart.c
		_EUSART_Read   		CODE           	0094	0000	15
		_EUSART_Write  		CODE           	007C	0000	10
		_EUSART_is_tx_done		CODE           	005F	0000	4
		_EUSART_Initialize		CODE           	01F8	0000	34
		_EUSART_SetFramingErrorHandler		CODE           	0069	0000	6
		_EUSART_SetErrorHandler		CODE           	0063	0000	6
		_EUSART_SetOverrunErrorHandler		CODE           	006F	0000	6

eusart.c estimated size: 81

shared
		__initialization		CODE           	07F5	0000	9

shared estimated size: 9

C:\Users\Anurag\.mcc\pic\sources\c99\common\Umul8.c
		___bmul        		CODE           	018D	0000	19

C:\Users\Anurag\.mcc\pic\sources\c99\common\Umul8.c estimated size: 19

main.c
		_ADC_Compare   		CODE           	06DE	0000	70
		_UART_SendString		CODE           	01BA	0000	31
		_PORT_Initialize		CODE           	01A0	0000	26
		_test_LDR_noise_tolerance		CODE           	0577	0000	47
		_test_LDR_faulty_sensor		CODE           	04EA	0000	47
		_WDT_Initialize		CODE           	005B	0000	4
		_test_LDR_both_dark		CODE           	042E	0000	47
		_main          		CODE           	0724	0000	209
		_test_LDR_intermittent_light		CODE           	0548	0000	47
		_test_LDR_one_obstructed		CODE           	05A6	0000	47
		_test_LDR1_bright_LDR2_dark		CODE           	03A1	0000	47
		_test_LDR_equal_light		CODE           	04BB	0000	47
		_test_LDR_both_bright		CODE           	03FF	0000	47
		_OSCILLATOR_Initialize		CODE           	0075	0000	7
		_test_LDR_calibration_drift		CODE           	045D	0000	47
		_test_LDR_fixed_vs_changing		CODE           	069D	0000	65
		_test_LDR1_dark_LDR2_bright		CODE           	03D0	0000	47
		_test_LDR_gradual_light_change		CODE           	0519	0000	47
		_test_LDR_darkness_trigger_logic		CODE           	048C	0000	47

main.c estimated size: 976

