Microchip MPLAB XC8 Compiler V2.40

Linker command line:

-W-3 \
  --edf=C:/Users/Sony/.mchp_packs/Microchip/PIC12-16F1xxx_DFP/1.8.254/xc8\pic\dat\20250327143623_en.msgs \
  -cn \
  -h+dist/default/production\MOTION_DETECTION_TESTCASE_.X.production.sym \
  --cmf=dist/default/production\MOTION_DETECTION_TESTCASE_.X.production.cmf \
  -z -Q12F1572 -oC:\Users\Sony\AppData\Local\Temp\xcAs8s0.4 \
  --defsym=__MPLAB_BUILD=1 --fixupoverflow=error \
  -Mdist/default/production/MOTION_DETECTION_TESTCASE_.X.production.map \
  --md=C:\Users\Sony\AppData\Local\Temp\xcAs8s0.dat -E1 -ver=XC8 Compiler \
  --acfsm=1493 -ACODE=00h-07FFh -ASTRCODE=00h-07FFh -ASTRING=00h-0FFhx8 \
  -ACONST=00h-0FFhx8 -AENTRY=00h-0FFhx8 -ACOMMON=070h-07Fh \
  -ABANK0=020h-06Fh -ABANK1=0A0h-0EFh -ABANK2=0120h-016Fh \
  -ABIGRAM=02000h-020EFh -ARAM=020h-06Fh,0A0h-0EFh,0120h-016Fh \
  -AABS1=020h-07Fh,0A0h-0EFh,0120h-016Fh -ASFR0=00h-01Fh -ASFR1=080h-09Fh \
  -ASFR2=0100h-011Fh -ASFR3=0180h-01EFh -ASFR4=0200h-026Fh \
  -ASFR5=0280h-02EFh -ASFR6=0300h-036Fh -ASFR7=0380h-03EFh \
  -ASFR8=0400h-046Fh -ASFR9=0480h-04EFh -ASFR10=0500h-056Fh \
  -ASFR11=0580h-05EFh -ASFR12=0600h-066Fh -ASFR13=0680h-06EFh \
  -ASFR14=0700h-076Fh -ASFR15=0780h-07EFh -ASFR16=0800h-086Fh \
  -ASFR17=0880h-08EFh -ASFR18=0900h-096Fh -ASFR19=0980h-09EFh \
  -ASFR20=0A00h-0A6Fh -ASFR21=0A80h-0AEFh -ASFR22=0B00h-0B6Fh \
  -ASFR23=0B80h-0BEFh -ASFR24=0C00h-0C6Fh -ASFR25=0C80h-0CEFh \
  -ASFR26=0D00h-0D6Fh -ASFR27=0D80h-0DEFh -ASFR28=0E00h-0E6Fh \
  -ASFR29=0E80h-0EEFh -ASFR30=0F00h-0F6Fh -ASFR31=0F80h-0FEFh \
  -ACONFIG=08007h-08008h -DCONFIG=2 -AIDLOC=08000h-08003h -DIDLOC=2 \
  -DCODE=2 -DSTRCODE=2 -DSTRING=2 -DCONST=2 -DENTRY=2 \
  -preset_vec=00h,intentry=04h,init,end_init -ppowerup=CODE -pcinit=CODE \
  -pfunctab=ENTRY -k C:\Users\Sony\AppData\Local\Temp\xcAs8s0.o \
  dist/default/production\MOTION_DETECTION_TESTCASE_.X.production.o 

Object code version is 3.11

Machine type is 12F1572



                Name                               Link     Load   Length Selector   Space Scale
C:\Users\Sony\AppData\Local\Temp\xcAs8s0.o
                end_init                             13       13        1        8       0
                reset_vec                             0        0        1        0       0
                config                             8007     8007        2        0       4
                idloc                              8000     8000        4        0       5
dist/default/production\MOTION_DETECTION_TESTCASE_.X.production.o
                cinit                                14       14       1F        8       0
                intentry                              4        4        F        8       0
                config                             8007     8007        2        0       4
                idloc                              8000     8000        4        0       5
                text35                              721      721        1      D96       0
                text34                              697      697       11      CBE       0
                text32                              5BD      5BD       1A      B7A       0
                text31                              6DF      6DF        9      D96       0
                text30                              714      714        6      D96       0
                text29                              70E      70E        6      D96       0
                text28                              708      708        6      D96       0
                text27                              529      529       22        8       0
                text26                              6EF      6EF        7      D96       0
                text25                              5F0      5F0       18      BE0       0
                text24                              702      702        6      D96       0
                text23                              65F      65F       14      CBE       0
                text22                              71A      71A        4      D96       0
                text21                              673      673       13      CBE       0
                text20                              6D5      6D5        A      D96       0
                text19                              464      464       49        8       0
                text18                              686      686       11      CBE       0
                text17                              6CB      6CB        A      D96       0
                text16                              608      608       17      BE0       0
                text15                              6B4      6B4        C      CBE       0
                text14                              6A8      6A8        C      CBE       0
                text13                              6E8      6E8        7      D96       0
                text12                              32D      32D       75        8       0
                text11                              506      506       23        8       0
                text10                              2A9      2A9       84        8       0
                text9                               3A2      3A2       71        8       0
                text8                               6FC      6FC        6      D96       0
                text7                               413      413       51        8       0
                text6                               4E2      4E2       24        8       0
                text5                               4AD      4AD       35        8       0
                text4                               143      143       C4        8       0
                text3                               207      207       A2        8       0
                text2                               587      587       1C      B0E       0
                text1                               54B      54B       20        8       0
                maintext                             33       33      110        8       0
                cstackBANK0                          20       20       49       20       1
                cstackCOMMON                         70       70        E       70       1
                cstackBANK1                          CC       CC        C       A0       1
                cstackBANK2                         120      120       49      120       1
                clrtext                             6F6      6F6        6      D96       0
                dataBANK2                           169      169        1      120       1
                dataBANK1                            E0       E0        2       A0       1
                bssBANK1                             A0       A0       2C       A0       1
                bssBANK0                             69       69        5       20       1
                stringtext7                         6C0      6C0        B      D80       0
                stringtext6                         64A      64A       15      C3E       0
                stringtext5                         635      635       15      C3E       0
                stringtext4                         61F      61F       16      C3E       0
                stringtext3                         5D7      5D7       19      BAE       0
                stringtext2                         5A3      5A3       1A      B46       0
                stringtext1                         56B      56B       1C      AD6       0
                nvBANK1                              D8       D8        8       A0       1
                nvBANK0                              6E       6E        1       20       1
                idataBANK2                          720      720        1      D96       0
                idataBANK1                          71E      71E        2      D96       0

TOTAL           Name                               Link     Load   Length     Space
        CLASS   CODE           
                end_init                             13       13        1         0
                cinit                                14       14       1F         0
                intentry                              4        4        F         0
                reset_vec                             0        0        1         0
                text35                              721      721        1         0
                text34                              697      697       11         0
                text32                              5BD      5BD       1A         0
                text31                              6DF      6DF        9         0
                text30                              714      714        6         0
                text29                              70E      70E        6         0
                text28                              708      708        6         0
                text27                              529      529       22         0
                text26                              6EF      6EF        7         0
                text25                              5F0      5F0       18         0
                text24                              702      702        6         0
                text23                              65F      65F       14         0
                text22                              71A      71A        4         0
                text21                              673      673       13         0
                text20                              6D5      6D5        A         0
                text19                              464      464       49         0
                text18                              686      686       11         0
                text17                              6CB      6CB        A         0
                text16                              608      608       17         0
                text15                              6B4      6B4        C         0
                text14                              6A8      6A8        C         0
                text13                              6E8      6E8        7         0
                text12                              32D      32D       75         0
                text11                              506      506       23         0
                text10                              2A9      2A9       84         0
                text9                               3A2      3A2       71         0
                text8                               6FC      6FC        6         0
                text7                               413      413       51         0
                text6                               4E2      4E2       24         0
                text5                               4AD      4AD       35         0
                text4                               143      143       C4         0
                text3                               207      207       A2         0
                text2                               587      587       1C         0
                text1                               54B      54B       20         0
                maintext                             33       33      110         0
                clrtext                             6F6      6F6        6         0
                idataBANK2                          720      720        1         0
                idataBANK1                          71E      71E        2         0

        CLASS   STRCODE        
                stringtext7                         6C0      6C0        B         0
                stringtext6                         64A      64A       15         0
                stringtext5                         635      635       15         0
                stringtext4                         61F      61F       16         0
                stringtext3                         5D7      5D7       19         0
                stringtext2                         5A3      5A3       1A         0
                stringtext1                         56B      56B       1C         0

        CLASS   STRING         

        CLASS   CONST          

        CLASS   ENTRY          

        CLASS   COMMON         
                cstackCOMMON                         70       70        E         1

        CLASS   BANK0          
                cstackBANK0                          20       20       49         1
                bssBANK0                             69       69        5         1
                nvBANK0                              6E       6E        1         1

        CLASS   BANK1          
                cstackBANK1                          CC       CC        C         1
                dataBANK1                            E0       E0        2         1
                bssBANK1                             A0       A0       2C         1
                nvBANK1                              D8       D8        8         1

        CLASS   BANK2          
                cstackBANK2                         120      120       49         1
                dataBANK2                           169      169        1         1

        CLASS   BIGRAM         

        CLASS   RAM            

        CLASS   ABS1           
                abs_s1                               7E       7E        2         1

        CLASS   SFR0           

        CLASS   SFR1           

        CLASS   SFR2           

        CLASS   SFR3           

        CLASS   SFR4           

        CLASS   SFR5           

        CLASS   SFR6           

        CLASS   SFR7           

        CLASS   SFR8           

        CLASS   SFR9           

        CLASS   SFR10          

        CLASS   SFR11          

        CLASS   SFR12          

        CLASS   SFR13          

        CLASS   SFR14          

        CLASS   SFR15          

        CLASS   SFR16          

        CLASS   SFR17          

        CLASS   SFR18          

        CLASS   SFR19          

        CLASS   SFR20          

        CLASS   SFR21          

        CLASS   SFR22          

        CLASS   SFR23          

        CLASS   SFR24          

        CLASS   SFR25          

        CLASS   SFR26          

        CLASS   SFR27          

        CLASS   SFR28          

        CLASS   SFR29          

        CLASS   SFR30          

        CLASS   SFR31          

        CLASS   CONFIG         
                config                             8007     8007        2         4

        CLASS   IDLOC          
                idloc                              8000     8000        4         5

        CLASS   BANK31         

        CLASS   BANK30         

        CLASS   BANK29         

        CLASS   BANK28         

        CLASS   BANK27         

        CLASS   BANK26         

        CLASS   BANK25         

        CLASS   BANK24         

        CLASS   BANK23         

        CLASS   BANK22         

        CLASS   BANK21         

        CLASS   BANK20         

        CLASS   BANK19         

        CLASS   BANK18         

        CLASS   BANK17         

        CLASS   BANK16         

        CLASS   BANK15         

        CLASS   BANK14         

        CLASS   BANK13         

        CLASS   BANK12         

        CLASS   BANK11         

        CLASS   BANK10         

        CLASS   BANK9          

        CLASS   BANK8          

        CLASS   BANK7          

        CLASS   BANK6          

        CLASS   BANK5          

        CLASS   BANK4          

        CLASS   BANK3          

        CLASS   HEAP           

        CLASS   STACK          

        CLASS   EEDATA         



SEGMENTS        Name                           Load    Length   Top    Selector   Space  Class     Delta

                reset_vec                      000000  000001  000001         0       0  CODE        2
                intentry                       000004  000567  00056B         8       0  CODE        2
                cstackBANK0                    000020  00004F  00006F        20       1  BANK0       1
                cstackCOMMON                   000070  00000E  00007E        70       1  COMMON      1
                bssBANK1                       0000A0  000042  0000E2        A0       1  BANK1       1
                cstackBANK2                    000120  00004A  00016A       120       1  BANK2       1
                stringtext1                    00056B  00001C  000587       AD6       0  STRCODE     2
                text2                          000587  00001C  0005A3       B0E       0  CODE        2
                stringtext2                    0005A3  00001A  0005BD       B46       0  STRCODE     2
                text32                         0005BD  00001A  0005D7       B7A       0  CODE        2
                stringtext3                    0005D7  000019  0005F0       BAE       0  STRCODE     2
                text25                         0005F0  00002F  00061F       BE0       0  CODE        2
                stringtext4                    00061F  000040  00065F       C3E       0  STRCODE     2
                text23                         00065F  000061  0006C0       CBE       0  CODE        2
                stringtext7                    0006C0  00000B  0006CB       D80       0  STRCODE     2
                text17                         0006CB  000057  000722       D96       0  CODE        2


UNUSED ADDRESS RANGES

        Name                Unused          Largest block    Delta
        BANK0            0006F-0006F               1           1
        BANK1            000E2-000EF               E           1
        BANK2            0016A-0016F               6           1
        BIGRAM           02000-020EF              F0           1
        CODE             00001-00003               3           2
                         00722-007FF              DE
        CONST            00001-00003               3           2
                         00722-007FF              DE
        ENTRY            00001-00003               3           2
                         00722-007FF              DE
        RAM              0006F-0006F               1           1
                         000E2-000EF               E
                         0016A-0016F               6
        SFR0             00000-0001F              20           1
        SFR1             00080-0009F              20           1
        SFR10            00500-0056F              70           1
        SFR11            00580-005EF              70           1
        SFR12            00600-0066F              70           1
        SFR13            00680-006EF              70           1
        SFR14            00700-0076F              70           1
        SFR15            00780-007EF              70           1
        SFR16            00800-0086F              70           1
        SFR17            00880-008EF              70           1
        SFR18            00900-0096F              70           1
        SFR19            00980-009EF              70           1
        SFR2             00100-0011F              20           1
        SFR20            00A00-00A6F              70           1
        SFR21            00A80-00AEF              70           1
        SFR22            00B00-00B6F              70           1
        SFR23            00B80-00BEF              70           1
        SFR24            00C00-00C6F              70           1
        SFR25            00C80-00CEF              70           1
        SFR26            00D00-00D6F              70           1
        SFR27            00D80-00DEF              70           1
        SFR28            00E00-00E6F              70           1
        SFR29            00E80-00EEF              70           1
        SFR3             00180-001EF              70           1
        SFR30            00F00-00F6F              70           1
        SFR31            00F80-00FEF              70           1
        SFR4             00200-0026F              70           1
        SFR5             00280-002EF              70           1
        SFR6             00300-0036F              70           1
        SFR7             00380-003EF              70           1
        SFR8             00400-0046F              70           1
        SFR9             00480-004EF              70           1
        STRCODE          00001-00003               3           2
                         00722-007FF              DE
        STRING           00001-00003               3           2
                         00722-007FF              DE

                                  Symbol Table

?_ADC1_GetConversion                           cstackCOMMON 00070
?_ReadWrite_HEFlash                            cstackCOMMON 00072
?___lodiv                                      cstackBANK0  00020
?___lomod                                      cstackBANK0  00020
?_get_TIMER0Status                             cstackCOMMON 00070
?_sprintf                                      cstackBANK0  00060
?_vfprintf                                     cstackBANK0  00059
ADC1_GetConversion@channel                     cstackCOMMON 00073
EUSART_SetErrorHandler@interruptHandler        cstackCOMMON 00070
EUSART_SetFramingErrorHandler@interruptHandler cstackCOMMON 00070
EUSART_SetOverrunErrorHandler@interruptHandler cstackCOMMON 00070
EUSART_Write@txData                            cstackCOMMON 00070
ReadWrite_HEFlash@addr                         cstackCOMMON 00077
ReadWrite_HEFlash@cnt                          cstackCOMMON 0007A
ReadWrite_HEFlash@data                         cstackCOMMON 00072
ReadWrite_HEFlash@rowstartaddr                 cstackCOMMON 00073
ReadWrite_HEFlash@rw                           cstackCOMMON 00079
Read_FLASH@address                             cstackCOMMON 00070
SoftDelay_IsOneMinuteOver@currentCount         cstackBANK0  00020
SoftDelay_IsOneMinuteOver@startCount           cstackBANK0  00024
SoftDelay_Start@startTime                      cstackCOMMON 00074
TMR0_SetInterruptHandler@InterruptHandler      cstackCOMMON 00070
UART_Write_Text@text                           cstackCOMMON 00071
_ADC1_GetConversion                            text32       005BD
_ADC1_Initialize                               text31       006DF
_ADCON0                                        (abs)        0009D
_ADCON0bits                                    (abs)        0009D
_ADCON1                                        (abs)        0009E
_ADCON2                                        (abs)        0009F
_ADRESH                                        (abs)        0009C
_ADRESL                                        (abs)        0009B
_ANSELA                                        (abs)        0018C
_APFCON                                        (abs)        0011D
_BAUDCON                                       (abs)        0019F
_BORCON                                        (abs)        00116
_EUSART_DefaultErrorHandler                    (abs)        00000
_EUSART_DefaultFramingErrorHandler             (abs)        00000
_EUSART_DefaultOverrunErrorHandler             (abs)        00000
_EUSART_ErrorHandler                           nvBANK1      000D8
_EUSART_FramingErrorHandler                    nvBANK1      000DC
_EUSART_Initialize                             text27       00529
_EUSART_OverrunErrorHandler                    nvBANK1      000DA
_EUSART_SetErrorHandler                        text30       00714
_EUSART_SetFramingErrorHandler                 text29       0070E
_EUSART_SetOverrunErrorHandler                 text28       00708
_EUSART_Write                                  text17       006CB
_GIE                                           (abs)        0005F
_INLVLA                                        (abs)        0038C
_INTCON                                        (abs)        0000B
_INTCONbits                                    (abs)        0000B
_INTERRUPT_InterruptManager                    intentry     00004
_LATA                                          (abs)        0010C
_LATAbits                                      (abs)        0010C
_ODCONA                                        (abs)        0028C
_OPTION_REG                                    (abs)        00095
_OPTION_REGbits                                (abs)        00095
_OSCCON                                        (abs)        00099
_OSCILLATOR_Initialize                         text26       006EF
_OSCTUNE                                       (abs)        00098
_PIN_MANAGER_Initialize                        text25       005F0
_PIR1bits                                      (abs)        00011
_PMADR                                         (abs)        00191
_PMCON1                                        (abs)        00195
_PMCON2                                        (abs)        00196
_PMDAT                                         (abs)        00193
_PMDATH                                        (abs)        00194
_RCREG                                         (abs)        00199
_RCSTA                                         (abs)        0019D
_RCSTAbits                                     (abs)        0019D
_RD                                            (abs)        00CA8
_ReadWrite_HEFlash                             text12       0032D
_Read_FLASH                                    text15       006B4
_SLRCONA                                       (abs)        0030C
_SPBRGH                                        (abs)        0019C
_SPBRGL                                        (abs)        0019B
_SYSTEM_Initialize                             text21       00673
_SaveInt                                       bssBANK0     0006C
_SoftDelay_IsOneMinuteOver                     text19       00464
_SoftDelay_Start                               text18       00686
_TMR0                                          (abs)        00015
_TMR0_DefaultInterruptHandler                  text35       00721
_TMR0_ISR                                      text34       00697
_TMR0_Initialize                               text23       0065F
_TMR0_InterruptHandler                         nvBANK1      000DE
_TMR0_SetInterruptHandler                      text24       00702
_TRISA                                         (abs)        0008C
_TRISAbits                                     (abs)        0008C
_TXREG                                         (abs)        0019A
_TXSTA                                         (abs)        0019E
_TXSTAbits                                     (abs)        0019E
_UART_Write_Text                               text16       00608
_Unlock_FLASH                                  text14       006A8
_WDTCON                                        (abs)        00097
_WDT_Initialize                                text22       0071A
_WPUA                                          (abs)        0020C
_WR                                            (abs)        00CA9
_WREN                                          (abs)        00CAA
_Write_FLASH                                   text13       006E8
__Habs1                                        abs1         00000
__Hbank0                                       bank0        00000
__Hbank1                                       bank1        00000
__Hbank10                                      bank10       00000
__Hbank11                                      bank11       00000
__Hbank12                                      bank12       00000
__Hbank13                                      bank13       00000
__Hbank14                                      bank14       00000
__Hbank15                                      bank15       00000
__Hbank16                                      bank16       00000
__Hbank17                                      bank17       00000
__Hbank18                                      bank18       00000
__Hbank19                                      bank19       00000
__Hbank2                                       bank2        00000
__Hbank20                                      bank20       00000
__Hbank21                                      bank21       00000
__Hbank22                                      bank22       00000
__Hbank23                                      bank23       00000
__Hbank24                                      bank24       00000
__Hbank25                                      bank25       00000
__Hbank26                                      bank26       00000
__Hbank27                                      bank27       00000
__Hbank28                                      bank28       00000
__Hbank29                                      bank29       00000
__Hbank3                                       bank3        00000
__Hbank30                                      bank30       00000
__Hbank31                                      bank31       00000
__Hbank4                                       bank4        00000
__Hbank5                                       bank5        00000
__Hbank6                                       bank6        00000
__Hbank7                                       bank7        00000
__Hbank8                                       bank8        00000
__Hbank9                                       bank9        00000
__Hbigram                                      bigram       00000
__HbssBANK0                                    bssBANK0     00000
__HbssBANK1                                    bssBANK1     00000
__Hcinit                                       cinit        00033
__Hclrtext                                     clrtext      00000
__Hcode                                        code         00000
__Hcommon                                      common       00000
__Hconfig                                      config       08009
__HcstackBANK0                                 cstackBANK0  00000
__HcstackBANK1                                 cstackBANK1  00000
__HcstackBANK2                                 cstackBANK2  00000
__HcstackCOMMON                                cstackCOMMON 00000
__HdataBANK1                                   dataBANK1    00000
__HdataBANK2                                   dataBANK2    00000
__Heeprom_data                                 eeprom_data  00000
__Hend_init                                    end_init     00014
__Hfunctab                                     functab      00000
__Hheap                                        heap         00000
__HidataBANK1                                  idataBANK1   00000
__HidataBANK2                                  idataBANK2   00000
__Hidloc                                       idloc        08004
__Hinit                                        init         00013
__Hintentry                                    intentry     00013
__Hmaintext                                    maintext     00000
__HnvBANK0                                     nvBANK0      00000
__HnvBANK1                                     nvBANK1      00000
__Hpowerup                                     powerup      00000
__Hram                                         ram          00000
__Hreset_vec                                   reset_vec    00001
__Hsfr0                                        sfr0         00000
__Hsfr1                                        sfr1         00000
__Hsfr10                                       sfr10        00000
__Hsfr11                                       sfr11        00000
__Hsfr12                                       sfr12        00000
__Hsfr13                                       sfr13        00000
__Hsfr14                                       sfr14        00000
__Hsfr15                                       sfr15        00000
__Hsfr16                                       sfr16        00000
__Hsfr17                                       sfr17        00000
__Hsfr18                                       sfr18        00000
__Hsfr19                                       sfr19        00000
__Hsfr2                                        sfr2         00000
__Hsfr20                                       sfr20        00000
__Hsfr21                                       sfr21        00000
__Hsfr22                                       sfr22        00000
__Hsfr23                                       sfr23        00000
__Hsfr24                                       sfr24        00000
__Hsfr25                                       sfr25        00000
__Hsfr26                                       sfr26        00000
__Hsfr27                                       sfr27        00000
__Hsfr28                                       sfr28        00000
__Hsfr29                                       sfr29        00000
__Hsfr3                                        sfr3         00000
__Hsfr30                                       sfr30        00000
__Hsfr31                                       sfr31        00000
__Hsfr4                                        sfr4         00000
__Hsfr5                                        sfr5         00000
__Hsfr6                                        sfr6         00000
__Hsfr7                                        sfr7         00000
__Hsfr8                                        sfr8         00000
__Hsfr9                                        sfr9         00000
__Hspace_0                                     (abs)        00722
__Hspace_1                                     (abs)        0016A
__Hspace_2                                     (abs)        00000
__Hspace_3                                     (abs)        00000
__Hspace_4                                     (abs)        10010
__Hstack                                       stack        00000
__Hstrings                                     strings      00000
__Hstringtext1                                 stringtext1  00000
__Hstringtext2                                 stringtext2  00000
__Hstringtext3                                 stringtext3  00000
__Hstringtext4                                 stringtext4  00000
__Hstringtext5                                 stringtext5  00000
__Hstringtext6                                 stringtext6  00000
__Hstringtext7                                 stringtext7  00000
__Hstringtext8                                 stringtext8  00000
__Htext                                        text         00000
__Labs1                                        abs1         00000
__Lbank0                                       bank0        00000
__Lbank1                                       bank1        00000
__Lbank10                                      bank10       00000
__Lbank11                                      bank11       00000
__Lbank12                                      bank12       00000
__Lbank13                                      bank13       00000
__Lbank14                                      bank14       00000
__Lbank15                                      bank15       00000
__Lbank16                                      bank16       00000
__Lbank17                                      bank17       00000
__Lbank18                                      bank18       00000
__Lbank19                                      bank19       00000
__Lbank2                                       bank2        00000
__Lbank20                                      bank20       00000
__Lbank21                                      bank21       00000
__Lbank22                                      bank22       00000
__Lbank23                                      bank23       00000
__Lbank24                                      bank24       00000
__Lbank25                                      bank25       00000
__Lbank26                                      bank26       00000
__Lbank27                                      bank27       00000
__Lbank28                                      bank28       00000
__Lbank29                                      bank29       00000
__Lbank3                                       bank3        00000
__Lbank30                                      bank30       00000
__Lbank31                                      bank31       00000
__Lbank4                                       bank4        00000
__Lbank5                                       bank5        00000
__Lbank6                                       bank6        00000
__Lbank7                                       bank7        00000
__Lbank8                                       bank8        00000
__Lbank9                                       bank9        00000
__Lbigram                                      bigram       00000
__LbssBANK0                                    bssBANK0     00000
__LbssBANK1                                    bssBANK1     00000
__Lcinit                                       cinit        00014
__Lclrtext                                     clrtext      00000
__Lcode                                        code         00000
__Lcommon                                      common       00000
__Lconfig                                      config       00000
__LcstackBANK0                                 cstackBANK0  00000
__LcstackBANK1                                 cstackBANK1  00000
__LcstackBANK2                                 cstackBANK2  00000
__LcstackCOMMON                                cstackCOMMON 00000
__LdataBANK1                                   dataBANK1    00000
__LdataBANK2                                   dataBANK2    00000
__Leeprom_data                                 eeprom_data  00000
__Lend_init                                    end_init     00013
__Lfunctab                                     functab      00000
__Lheap                                        heap         00000
__LidataBANK1                                  idataBANK1   00000
__LidataBANK2                                  idataBANK2   00000
__Lidloc                                       idloc        00000
__Linit                                        init         00013
__Lintentry                                    intentry     00004
__Lmaintext                                    maintext     00000
__LnvBANK0                                     nvBANK0      00000
__LnvBANK1                                     nvBANK1      00000
__Lpowerup                                     powerup      00000
__Lram                                         ram          00000
__Lreset_vec                                   reset_vec    00000
__Lsfr0                                        sfr0         00000
__Lsfr1                                        sfr1         00000
__Lsfr10                                       sfr10        00000
__Lsfr11                                       sfr11        00000
__Lsfr12                                       sfr12        00000
__Lsfr13                                       sfr13        00000
__Lsfr14                                       sfr14        00000
__Lsfr15                                       sfr15        00000
__Lsfr16                                       sfr16        00000
__Lsfr17                                       sfr17        00000
__Lsfr18                                       sfr18        00000
__Lsfr19                                       sfr19        00000
__Lsfr2                                        sfr2         00000
__Lsfr20                                       sfr20        00000
__Lsfr21                                       sfr21        00000
__Lsfr22                                       sfr22        00000
__Lsfr23                                       sfr23        00000
__Lsfr24                                       sfr24        00000
__Lsfr25                                       sfr25        00000
__Lsfr26                                       sfr26        00000
__Lsfr27                                       sfr27        00000
__Lsfr28                                       sfr28        00000
__Lsfr29                                       sfr29        00000
__Lsfr3                                        sfr3         00000
__Lsfr30                                       sfr30        00000
__Lsfr31                                       sfr31        00000
__Lsfr4                                        sfr4         00000
__Lsfr5                                        sfr5         00000
__Lsfr6                                        sfr6         00000
__Lsfr7                                        sfr7         00000
__Lsfr8                                        sfr8         00000
__Lsfr9                                        sfr9         00000
__Lspace_0                                     (abs)        00000
__Lspace_1                                     (abs)        00000
__Lspace_2                                     (abs)        00000
__Lspace_3                                     (abs)        00000
__Lspace_4                                     (abs)        00000
__Lstack                                       stack        00000
__Lstrings                                     strings      00000
__Lstringtext1                                 stringtext1  00000
__Lstringtext2                                 stringtext2  00000
__Lstringtext3                                 stringtext3  00000
__Lstringtext4                                 stringtext4  00000
__Lstringtext5                                 stringtext5  00000
__Lstringtext6                                 stringtext6  00000
__Lstringtext7                                 stringtext7  00000
__Lstringtext8                                 stringtext8  00000
__Ltext                                        text         00000
__S0                                           (abs)        00722
__S1                                           (abs)        0016A
___heap_hi                                     (abs)        00000
___heap_lo                                     (abs)        00000
___int_sp                                      stack        00000
___latbits                                     (abs)        00000
___lodiv                                       text10       002A9
___lodiv@counter                               cstackCOMMON 00079
___lodiv@dividend                              cstackBANK0  00028
___lodiv@divisor                               cstackBANK0  00020
___lodiv@quotient                              cstackCOMMON 00071
___lomod                                       text9        003A2
___lomod@counter                               cstackCOMMON 00071
___lomod@dividend                              cstackBANK0  00028
___lomod@divisor                               cstackBANK0  00020
___sp                                          stack        00000
___stackhi                                     (abs)        00000
___stacklo                                     (abs)        00000
__end_of_ADC1_GetConversion                    text32       005D7
__end_of_ADC1_Initialize                       text31       006E8
__end_of_EUSART_Initialize                     text27       0054B
__end_of_EUSART_SetErrorHandler                text30       0071A
__end_of_EUSART_SetFramingErrorHandler         text29       00714
__end_of_EUSART_SetOverrunErrorHandler         text28       0070E
__end_of_EUSART_Write                          text17       006D5
__end_of_INTERRUPT_InterruptManager            intentry     00013
__end_of_OSCILLATOR_Initialize                 text26       006F6
__end_of_PIN_MANAGER_Initialize                text25       00608
__end_of_ReadWrite_HEFlash                     text12       003A2
__end_of_Read_FLASH                            text15       006C0
__end_of_SYSTEM_Initialize                     text21       00686
__end_of_SoftDelay_IsOneMinuteOver             text19       004AD
__end_of_SoftDelay_Start                       text18       00697
__end_of_TMR0_DefaultInterruptHandler          text35       00722
__end_of_TMR0_ISR                              text34       006A8
__end_of_TMR0_Initialize                       text23       00673
__end_of_TMR0_SetInterruptHandler              text24       00708
__end_of_UART_Write_Text                       text16       0061F
__end_of_Unlock_FLASH                          text14       006B4
__end_of_WDT_Initialize                        text22       0071E
__end_of_Write_FLASH                           text13       006EF
__end_of___lodiv                               text10       0032D
__end_of___lomod                               text9        00413
__end_of__initialization                       cinit        00030
__end_of_fputc                                 text7        00464
__end_of_fputs                                 text6        00506
__end_of_get_TIMER0Status                      text20       006DF
__end_of_main                                  maintext     00143
__end_of_old_light_status                      text11       00529
__end_of_pad                                   text5        004E2
__end_of_putch                                 text8        00702
__end_of_sprintf                               text1        0056B
__end_of_utoa                                  text4        00207
__end_of_vfpfcnvrt                             text3        002A9
__end_of_vfprintf                              text2        005A3
__initialization                               cinit        00014
__pbssBANK0                                    bssBANK0     00069
__pbssBANK1                                    bssBANK1     000A0
__pcstackBANK0                                 cstackBANK0  00020
__pcstackBANK1                                 cstackBANK1  000CC
__pcstackBANK2                                 cstackBANK2  00120
__pcstackCOMMON                                cstackCOMMON 00070
__pdataBANK1                                   dataBANK1    000E0
__pdataBANK2                                   dataBANK2    00169
__pidataBANK1                                  idataBANK1   0071E
__pidataBANK2                                  idataBANK2   00720
__pintentry                                    intentry     00004
__pmaintext                                    maintext     00033
__pnvBANK0                                     nvBANK0      0006E
__pnvBANK1                                     nvBANK1      000D8
__pstringtext1                                 stringtext1  0056B
__pstringtext2                                 stringtext2  005A3
__pstringtext3                                 stringtext3  005D7
__pstringtext4                                 stringtext4  0061F
__pstringtext5                                 stringtext5  00635
__pstringtext6                                 stringtext6  0064A
__pstringtext7                                 stringtext7  006C0
__pstringtext8                                 stringtext8  00000
__ptext1                                       text1        0054B
__ptext10                                      text10       002A9
__ptext11                                      text11       00506
__ptext12                                      text12       0032D
__ptext13                                      text13       006E8
__ptext14                                      text14       006A8
__ptext15                                      text15       006B4
__ptext16                                      text16       00608
__ptext17                                      text17       006CB
__ptext18                                      text18       00686
__ptext19                                      text19       00464
__ptext2                                       text2        00587
__ptext20                                      text20       006D5
__ptext21                                      text21       00673
__ptext22                                      text22       0071A
__ptext23                                      text23       0065F
__ptext24                                      text24       00702
__ptext25                                      text25       005F0
__ptext26                                      text26       006EF
__ptext27                                      text27       00529
__ptext28                                      text28       00708
__ptext29                                      text29       0070E
__ptext3                                       text3        00207
__ptext30                                      text30       00714
__ptext31                                      text31       006DF
__ptext32                                      text32       005BD
__ptext34                                      text34       00697
__ptext35                                      text35       00721
__ptext4                                       text4        00143
__ptext5                                       text5        004AD
__ptext6                                       text6        004E2
__ptext7                                       text7        00413
__ptext8                                       text8        006FC
__ptext9                                       text9        003A2
_dbuf                                          bssBANK1     000AC
_eusartRxLastError                             bssBANK0     0006D
_flags                                         bssBANK0     0006B
_fputc                                         text7        00413
_fputs                                         text6        004E2
_g_timer0OverflowCount                         bssBANK1     000A4
_get_TIMER0Status                              text20       006D5
_last_saved_status                             dataBANK2    00169
_main                                          maintext     00033
_old_light_status                              text11       00506
_pad                                           text5        004AD
_prec                                          bssBANK0     00069
_putch                                         text8        006FC
_sprintf                                       text1        0054B
_timer0ReloadVal                               nvBANK0      0006E
_utoa                                          text4        00143
_vfpfcnvrt                                     text3        00207
_vfprintf                                      text2        00587
_width                                         bssBANK1     000A8
btemp                                          (abs)        0007E
clear_ram0                                     clrtext      006F6
end_of_initialization                          cinit        00030
fputc@c                                        cstackCOMMON 00072
fputc@fp                                       cstackCOMMON 00074
fputs@c                                        cstackBANK0  00020
fputs@fp                                       cstackCOMMON 0007A
fputs@i                                        cstackBANK0  00021
fputs@s                                        cstackBANK0  00023
int$flags                                      (abs)        0007E
intlevel0                                      functab      00000
intlevel1                                      functab      00000
intlevel2                                      functab      00000
intlevel3                                      functab      00000
intlevel4                                      functab      00000
intlevel5                                      functab      00000
main@V_LightStatus                             cstackBANK2  00168
main@ldr1                                      cstackBANK2  00160
main@ldr2                                      cstackBANK2  00162
main@msg                                       cstackBANK2  00120
main@myTimer                                   cstackBANK2  00164
old_light_status@V_light_status_on             cstackCOMMON 0007D
pad@buf                                        cstackBANK0  00024
pad@fp                                         cstackBANK0  0002B
pad@i                                          cstackBANK0  00027
pad@p                                          cstackBANK0  00025
pad@w                                          cstackBANK0  00029
putch@txData                                   cstackCOMMON 00071
reset_vec                                      reset_vec    00000
sprintf@ap                                     cstackBANK1  000CC
sprintf@f                                      cstackBANK1  000CE
sprintf@fmt                                    cstackBANK0  00060
sprintf@s                                      cstackBANK1  000CD
start                                          init         00013
start_initialization                           cinit        00014
utoa@d                                         cstackBANK0  00030
utoa@fp                                        cstackBANK0  0003B
utoa@i                                         cstackBANK0  00046
utoa@n                                         cstackBANK0  0003E
utoa@p                                         cstackBANK0  0003C
utoa@w                                         cstackBANK0  00039
vfpfcnvrt@ap                                   cstackBANK0  00049
vfpfcnvrt@convarg                              cstackBANK0  0004E
vfpfcnvrt@cp                                   cstackBANK0  00057
vfpfcnvrt@fmt                                  cstackBANK0  00048
vfpfcnvrt@fp                                   cstackBANK0  00056
vfprintf@ap                                    cstackBANK0  0005B
vfprintf@cfmt                                  cstackBANK0  0005E
vfprintf@fmt                                   cstackBANK0  00059
vfprintf@fp                                    cstackBANK0  0005D
wtemp0                                         (abs)        0007E


MODULE INFORMATION

Module		Function		Class		Link	Load	Size
C:\Program Files\Microchip\xc8\v2.40\pic\sources\c99\common\nf_fputc.c
		_fputc         		CODE           	0413	0000	81

C:\Program Files\Microchip\xc8\v2.40\pic\sources\c99\common\nf_fputc.c estimated size: 81

C:\Program Files\Microchip\xc8\v2.40\pic\sources\c99\common\nf_sprintf.c
		_sprintf       		CODE           	054B	0000	32

C:\Program Files\Microchip\xc8\v2.40\pic\sources\c99\common\nf_sprintf.c estimated size: 32

Softdelay.c
		_SoftDelay_Start		CODE           	0686	0000	17
		_get_TIMER0Status		CODE           	06D5	0000	10
		_SoftDelay_IsOneMinuteOver		CODE           	0464	0000	73

Softdelay.c estimated size: 100

mcc_generated_files/interrupt_manager.c
		_INTERRUPT_InterruptManager		CODE           	0004	0000	15

mcc_generated_files/interrupt_manager.c estimated size: 15

mcc_generated_files/adc1.c
		_ADC1_Initialize		CODE           	06DF	0000	9
		_ADC1_GetConversion		CODE           	05BD	0000	26

mcc_generated_files/adc1.c estimated size: 35

mcc_generated_files/tmr0.c
		_TMR0_SetInterruptHandler		CODE           	0702	0000	6
		_TMR0_DefaultInterruptHandler		CODE           	0721	0000	1
		_TMR0_ISR      		CODE           	0697	0000	17
		_TMR0_Initialize		CODE           	065F	0000	20

mcc_generated_files/tmr0.c estimated size: 44

PIC12_HEFlash.c
		_Write_FLASH   		CODE           	06E8	0000	7
		_ReadWrite_HEFlash		CODE           	032D	0000	117
		_Read_FLASH    		CODE           	06B4	0000	12
		_Unlock_FLASH  		CODE           	06A8	0000	12
		_old_light_status		CODE           	0506	0000	35

PIC12_HEFlash.c estimated size: 183

mcc_generated_files/pin_manager.c
		_PIN_MANAGER_Initialize		CODE           	05F0	0000	24

mcc_generated_files/pin_manager.c estimated size: 24

C:\Program Files\Microchip\xc8\v2.40\pic\sources\c99\common\nf_fputs.c
		_fputs         		CODE           	04E2	0000	36

C:\Program Files\Microchip\xc8\v2.40\pic\sources\c99\common\nf_fputs.c estimated size: 36

C:\Program Files\Microchip\xc8\v2.40\pic\sources\c99\common\lomod.c
		___lomod       		CODE           	03A2	0000	113

C:\Program Files\Microchip\xc8\v2.40\pic\sources\c99\common\lomod.c estimated size: 113

shared
		__initialization		CODE           	0014	0000	28

shared estimated size: 28

mcc_generated_files/mcc.c
		_WDT_Initialize		CODE           	071A	0000	4
		_OSCILLATOR_Initialize		CODE           	06EF	0000	7
		_SYSTEM_Initialize		CODE           	0673	0000	19

mcc_generated_files/mcc.c estimated size: 30

C:\Program Files\Microchip\xc8\v2.40\pic\sources\c99\common\doprnt.c
		_vfpfcnvrt     		CODE           	0207	0000	162
		_pad           		CODE           	04AD	0000	53
		_vfprintf      		CODE           	0587	0000	28
		_utoa          		CODE           	0143	0000	196

C:\Program Files\Microchip\xc8\v2.40\pic\sources\c99\common\doprnt.c estimated size: 439

mcc_generated_files/eusart.c
		_putch         		CODE           	06FC	0000	6
		_EUSART_Write  		CODE           	06CB	0000	10
		_EUSART_Initialize		CODE           	0529	0000	34
		_EUSART_SetFramingErrorHandler		CODE           	070E	0000	6
		_EUSART_SetErrorHandler		CODE           	0714	0000	6
		_EUSART_SetOverrunErrorHandler		CODE           	0708	0000	6

mcc_generated_files/eusart.c estimated size: 68

main.c
		_main          		CODE           	0033	0000	272
		_UART_Write_Text		CODE           	0608	0000	23

main.c estimated size: 295

C:\Program Files\Microchip\xc8\v2.40\pic\sources\c99\common\lodiv.c
		___lodiv       		CODE           	02A9	0000	132

C:\Program Files\Microchip\xc8\v2.40\pic\sources\c99\common\lodiv.c estimated size: 132

